[07/31/26 16:37:55.951297] [info] [00:00:09.083414] [App] App main
[07/31/26 16:37:55.951312] [info] [00:00:09.083812] [App] RBY1 Model: rby1m, Model Version: v1.3
[07/31/26 16:37:55.954720] [info] [00:00:09.083819] [App] RBY1 Version: 0.10.4
[07/31/26 16:37:55.954744] [info] [00:00:09.087245] [App] RBY1-SDK Version: 0.9.1 - a3274bb
[07/31/26 16:37:55.980884] [info] [00:00:09.113030] [RobotApp] Using default model: /root/exe/app/models/rby1m/urdf/model_v1.3.urdf
[07/31/26 16:37:55.983347] [info] [00:00:09.115402] [RobotApp] Building robot ...
[07/31/26 16:37:55.984619] [info] [00:00:09.116720] [RobotApp] Link Names: ["ee_finger_l1", "ee_finger_r2", "ee_left", "link_torso_5", "ee_finger_l2", "wheel_fl_link", "ee_finger_r1", "ee_right", "wheel_rl_link", "link_left_arm_6", "link_torso_4", "link_right_arm_3", "link_torso_0", "link_right_arm_4", "link_right_arm_0", "link_left_arm_2", "link_right_arm_5", "link_left_arm_0", "link_torso_1", "base", "link_left_arm_3", "link_torso_3", "wheel_rr_link", "wheel_fr_link", "link_head_0", "link_torso_2", "link_head_1", "link_right_arm_1", "link_left_arm_1", "link_left_arm_4", "link_right_arm_2", "link_head_2", "link_left_arm_5", "link_right_arm_6"]
[07/31/26 16:37:55.984638] [info] [00:00:09.117131] [RobotApp] Joint Names: ["left_arm_6", "left_arm_2", "right_arm_6", "head_0", "wheel_fr", "left_arm_3", "wheel_fl", "left_arm_5", "wheel_rr", "torso_4", "wheel_rl", "right_arm_5", "head_1", "torso_0", "right_arm_2", "torso_3", "left_arm_1", "torso_1", "right_arm_3", "torso_2", "torso_5", "left_arm_0", "right_arm_4", "right_arm_0", "left_arm_4", "right_arm_1"]
[07/31/26 16:37:57.254081] [info] [00:00:10.386568] [RobotApp] Server listening on 0.0.0.0:50051
[07/31/26 16:38:06.530739] [debug] [00:00:19.663223] [Service] Server method called: /rb.api.RobotInfoService/GetRobotInfo
[07/31/26 16:38:06.531679] [debug] [00:00:19.664176] [Service::RobotInfoService::GetRobotInfo] Requested: request_header { request_timestamp { seconds: 1785483486 nanos: 529297913 } }
[07/31/26 16:38:25.985520] [debug] [00:00:39.118003] [Hardware] Hardware Loop Stat (avg: 2.000 ms, min: 1.996 ms, max: 2.003 ms, count: 15000)
[07/31/26 16:38:26.116508] [debug] [00:00:39.249003] [ControlManager] Control Manager Loop Stat (avg: 2.000 ms, min: 1.998 ms, max: 2.001 ms, count: 15000)
[07/31/26 16:38:55.985513] [debug] [00:01:09.118003] [Hardware] Hardware Loop Stat (avg: 2.000 ms, min: 1.999 ms, max: 2.001 ms, count: 15000)
[07/31/26 16:38:56.116506] [debug] [00:01:09.249003] [ControlManager] Control Manager Loop Stat (avg: 2.000 ms, min: 1.998 ms, max: 2.002 ms, count: 15000)
[07/31/26 16:39:08.791233] [debug] [00:01:21.923725] [Service] Server method called: /rb.api.RobotStateService/GetRobotStateStream
[07/31/26 16:39:08.791532] [debug] [00:01:21.924031] [Service::RobotStateService::GetRobotStateStream] Requested: update_rate: 20
[07/31/26 16:39:25.985515] [debug] [00:01:39.118003] [Hardware] Hardware Loop Stat (avg: 2.000 ms, min: 1.999 ms, max: 2.001 ms, count: 15000)
[07/31/26 16:39:26.116501] [debug] [00:01:39.249002] [ControlManager] Control Manager Loop Stat (avg: 2.000 ms, min: 1.999 ms, max: 2.001 ms, count: 15000)
[07/31/26 16:39:31.946810] [debug] [00:01:45.079295] [Service] Server method called: /rb.api.RobotStateService/GetRobotStateStream
[07/31/26 16:39:31.946863] [debug] [00:01:45.079367] [Service::RobotStateService::GetRobotStateStream] Requested: update_rate: 20
[07/31/26 16:39:31.960530] [debug] [00:01:45.093023] [Service] Server method called: /rb.api.RobotStateService/GetRobotStateStream
[07/31/26 16:39:31.960562] [debug] [00:01:45.093065] [Service::RobotStateService::GetRobotStateStream] Requested: update_rate: 20
[07/31/26 16:39:55.985514] [debug] [00:02:09.118003] [Hardware] Hardware Loop Stat (avg: 2.000 ms, min: 1.999 ms, max: 2.001 ms, count: 15000)
[07/31/26 16:39:56.116504] [debug] [00:02:09.249003] [ControlManager] Control Manager Loop Stat (avg: 2.000 ms, min: 1.999 ms, max: 2.001 ms, count: 15000)
[07/31/26 16:40:25.985516] [debug] [00:02:39.118003] [Hardware] Hardware Loop Stat (avg: 2.000 ms, min: 1.999 ms, max: 2.001 ms, count: 15000)
[07/31/26 16:40:26.116505] [debug] [00:02:39.249003] [ControlManager] Control Manager Loop Stat (avg: 2.000 ms, min: 1.999 ms, max: 2.001 ms, count: 15000)
[07/31/26 16:40:55.985513] [debug] [00:03:09.118003] [Hardware] Hardware Loop Stat (avg: 2.000 ms, min: 1.999 ms, max: 2.001 ms, count: 15000)
[07/31/26 16:40:56.116503] [debug] [00:03:09.249002] [ControlManager] Control Manager Loop Stat (avg: 2.000 ms, min: 1.999 ms, max: 2.001 ms, count: 15000)
[07/31/26 16:41:24.771514] [debug] [00:03:37.903996] [Service] Server method called: /rb.api.RobotInfoService/GetRobotModel
[07/31/26 16:41:24.771559] [debug] [00:03:37.904062] [Service::RobotInfoService::GetRobotModel] Requested: request_header { request_timestamp { seconds: 1785483629 nanos: 645639015 } }
[07/31/26 16:41:24.774941] [debug] [00:03:37.907439] [Service] Server method called: /rb.api.RobotStateService/GetRobotStateStream
[07/31/26 16:41:24.774973] [debug] [00:03:37.907475] [Service::RobotStateService::GetRobotStateStream] Requested: request_header { request_timestamp { seconds: 1785483629 nanos: 649244400 } } update_rate: 100
[07/31/26 16:41:25.985514] [debug] [00:03:39.118003] [Hardware] Hardware Loop Stat (avg: 2.000 ms, min: 1.999 ms, max: 2.001 ms, count: 15000)
[07/31/26 16:41:26.116505] [debug] [00:03:39.249002] [ControlManager] Control Manager Loop Stat (avg: 2.000 ms, min: 1.996 ms, max: 2.003 ms, count: 15000)
[07/31/26 16:41:55.985514] [debug] [00:04:09.118003] [Hardware] Hardware Loop Stat (avg: 2.000 ms, min: 1.999 ms, max: 2.001 ms, count: 15000)
[07/31/26 16:41:56.116504] [debug] [00:04:09.249002] [ControlManager] Control Manager Loop Stat (avg: 2.000 ms, min: 1.994 ms, max: 2.006 ms, count: 15000)
[07/31/26 16:42:25.985516] [debug] [00:04:39.118003] [Hardware] Hardware Loop Stat (avg: 2.000 ms, min: 1.998 ms, max: 2.001 ms, count: 15000)
[07/31/26 16:42:26.116504] [debug] [00:04:39.249002] [ControlManager] Control Manager Loop Stat (avg: 2.000 ms, min: 1.997 ms, max: 2.003 ms, count: 15000)
[07/31/26 16:42:55.985517] [debug] [00:05:09.118003] [Hardware] Hardware Loop Stat (avg: 2.000 ms, min: 1.999 ms, max: 2.001 ms, count: 15000)
[07/31/26 16:42:56.116505] [debug] [00:05:09.249003] [ControlManager] Control Manager Loop Stat (avg: 2.000 ms, min: 1.997 ms, max: 2.003 ms, count: 15000)
[07/31/26 16:43:25.985515] [debug] [00:05:39.118003] [Hardware] Hardware Loop Stat (avg: 2.000 ms, min: 1.998 ms, max: 2.002 ms, count: 15000)
[07/31/26 16:43:26.116504] [debug] [00:05:39.249003] [ControlManager] Control Manager Loop Stat (avg: 2.000 ms, min: 1.997 ms, max: 2.003 ms, count: 15000)
[07/31/26 16:43:55.985514] [debug] [00:06:09.118003] [Hardware] Hardware Loop Stat (avg: 2.000 ms, min: 1.999 ms, max: 2.001 ms, count: 15000)
[07/31/26 16:43:56.116504] [debug] [00:06:09.249002] [ControlManager] Control Manager Loop Stat (avg: 2.000 ms, min: 1.999 ms, max: 2.001 ms, count: 15000)
[07/31/26 16:44:25.985514] [debug] [00:06:39.118003] [Hardware] Hardware Loop Stat (avg: 2.000 ms, min: 1.999 ms, max: 2.001 ms, count: 15000)
[07/31/26 16:44:26.116505] [debug] [00:06:39.249003] [ControlManager] Control Manager Loop Stat (avg: 2.000 ms, min: 1.999 ms, max: 2.001 ms, count: 15000)
[07/31/26 16:44:55.985513] [debug] [00:07:09.118003] [Hardware] Hardware Loop Stat (avg: 2.000 ms, min: 1.999 ms, max: 2.001 ms, count: 15000)
[07/31/26 16:44:56.116504] [debug] [00:07:09.249002] [ControlManager] Control Manager Loop Stat (avg: 2.000 ms, min: 1.999 ms, max: 2.001 ms, count: 15000)
[07/31/26 16:45:25.985516] [debug] [00:07:39.118003] [Hardware] Hardware Loop Stat (avg: 2.000 ms, min: 1.999 ms, max: 2.001 ms, count: 15000)
[07/31/26 16:45:26.116504] [debug] [00:07:39.249002] [ControlManager] Control Manager Loop Stat (avg: 2.000 ms, min: 1.999 ms, max: 2.001 ms, count: 15000)
[07/31/26 16:45:55.985515] [debug] [00:08:09.118003] [Hardware] Hardware Loop Stat (avg: 2.000 ms, min: 1.999 ms, max: 2.001 ms, count: 15000)
[07/31/26 16:45:56.116504] [debug] [00:08:09.249002] [ControlManager] Control Manager Loop Stat (avg: 2.000 ms, min: 1.997 ms, max: 2.003 ms, count: 15000)
[07/31/26 16:46:25.985516] [debug] [00:08:39.118003] [Hardware] Hardware Loop Stat (avg: 2.000 ms, min: 1.999 ms, max: 2.002 ms, count: 15000)
[07/31/26 16:46:26.116503] [debug] [00:08:39.249002] [ControlManager] Control Manager Loop Stat (avg: 2.000 ms, min: 1.998 ms, max: 2.002 ms, count: 15000)
[07/31/26 16:46:55.985515] [debug] [00:09:09.118003] [Hardware] Hardware Loop Stat (avg: 2.000 ms, min: 1.998 ms, max: 2.002 ms, count: 15000)
[07/31/26 16:46:56.116504] [debug] [00:09:09.249003] [ControlManager] Control Manager Loop Stat (avg: 2.000 ms, min: 1.999 ms, max: 2.001 ms, count: 15000)
[07/31/26 16:47:25.985514] [debug] [00:09:39.118003] [Hardware] Hardware Loop Stat (avg: 2.000 ms, min: 1.999 ms, max: 2.001 ms, count: 15000)
[07/31/26 16:47:26.116503] [debug] [00:09:39.249002] [ControlManager] Control Manager Loop Stat (avg: 2.000 ms, min: 1.998 ms, max: 2.002 ms, count: 15000)
[07/31/26 16:47:55.985515] [debug] [00:10:09.118003] [Hardware] Hardware Loop Stat (avg: 2.000 ms, min: 1.998 ms, max: 2.002 ms, count: 15000)
[07/31/26 16:47:56.116505] [debug] [00:10:09.249003] [ControlManager] Control Manager Loop Stat (avg: 2.000 ms, min: 1.997 ms, max: 2.002 ms, count: 15000)
[07/31/26 16:48:25.985513] [debug] [00:10:39.118003] [Hardware] Hardware Loop Stat (avg: 2.000 ms, min: 1.998 ms, max: 2.002 ms, count: 15000)
[07/31/26 16:48:26.116504] [debug] [00:10:39.249002] [ControlManager] Control Manager Loop Stat (avg: 2.000 ms, min: 1.997 ms, max: 2.003 ms, count: 15000)
[07/31/26 16:48:55.985513] [debug] [00:11:09.118003] [Hardware] Hardware Loop Stat (avg: 2.000 ms, min: 1.999 ms, max: 2.001 ms, count: 15000)
[07/31/26 16:48:56.116504] [debug] [00:11:09.249002] [ControlManager] Control Manager Loop Stat (avg: 2.000 ms, min: 1.997 ms, max: 2.003 ms, count: 15000)
[07/31/26 16:49:25.985513] [debug] [00:11:39.118003] [Hardware] Hardware Loop Stat (avg: 2.000 ms, min: 1.998 ms, max: 2.002 ms, count: 15000)
[07/31/26 16:49:26.116503] [debug] [00:11:39.249002] [ControlManager] Control Manager Loop Stat (avg: 2.000 ms, min: 1.999 ms, max: 2.001 ms, count: 15000)
[07/31/26 16:49:55.985513] [debug] [00:12:09.118003] [Hardware] Hardware Loop Stat (avg: 2.000 ms, min: 1.999 ms, max: 2.001 ms, count: 15000)
[07/31/26 16:49:56.116504] [debug] [00:12:09.249002] [ControlManager] Control Manager Loop Stat (avg: 2.000 ms, min: 1.998 ms, max: 2.002 ms, count: 15000)
[07/31/26 16:50:25.985515] [debug] [00:12:39.118003] [Hardware] Hardware Loop Stat (avg: 2.000 ms, min: 1.999 ms, max: 2.001 ms, count: 15000)
[07/31/26 16:50:26.116504] [debug] [00:12:39.249002] [ControlManager] Control Manager Loop Stat (avg: 2.000 ms, min: 1.998 ms, max: 2.002 ms, count: 15000)
[07/31/26 16:50:55.985514] [debug] [00:13:09.118003] [Hardware] Hardware Loop Stat (avg: 2.000 ms, min: 1.999 ms, max: 2.001 ms, count: 15000)
[07/31/26 16:50:56.116506] [debug] [00:13:09.249003] [ControlManager] Control Manager Loop Stat (avg: 2.000 ms, min: 1.999 ms, max: 2.001 ms, count: 15000)
[07/31/26 16:51:25.985513] [debug] [00:13:39.118003] [Hardware] Hardware Loop Stat (avg: 2.000 ms, min: 1.998 ms, max: 2.002 ms, count: 15000)
[07/31/26 16:51:26.116506] [debug] [00:13:39.249002] [ControlManager] Control Manager Loop Stat (avg: 2.000 ms, min: 1.998 ms, max: 2.002 ms, count: 15000)
[07/31/26 16:51:55.985514] [debug] [00:14:09.118003] [Hardware] Hardware Loop Stat (avg: 2.000 ms, min: 1.999 ms, max: 2.001 ms, count: 15000)
[07/31/26 16:51:56.116502] [debug] [00:14:09.249002] [ControlManager] Control Manager Loop Stat (avg: 2.000 ms, min: 1.998 ms, max: 2.002 ms, count: 15000)
[07/31/26 16:52:25.985517] [debug] [00:14:39.118003] [Hardware] Hardware Loop Stat (avg: 2.000 ms, min: 1.999 ms, max: 2.001 ms, count: 15000)
[07/31/26 16:52:26.116503] [debug] [00:14:39.249002] [ControlManager] Control Manager Loop Stat (avg: 2.000 ms, min: 1.997 ms, max: 2.003 ms, count: 15000)
[07/31/26 16:52:55.985514] [debug] [00:15:09.118003] [Hardware] Hardware Loop Stat (avg: 2.000 ms, min: 1.999 ms, max: 2.001 ms, count: 15000)
[07/31/26 16:52:56.116504] [debug] [00:15:09.249003] [ControlManager] Control Manager Loop Stat (avg: 2.000 ms, min: 1.999 ms, max: 2.002 ms, count: 15000)
[07/31/26 16:53:25.985514] [debug] [00:15:39.118003] [Hardware] Hardware Loop Stat (avg: 2.000 ms, min: 1.998 ms, max: 2.002 ms, count: 15000)
[07/31/26 16:53:26.116505] [debug] [00:15:39.249002] [ControlManager] Control Manager Loop Stat (avg: 2.000 ms, min: 1.998 ms, max: 2.002 ms, count: 15000)
[07/31/26 16:53:55.985513] [debug] [00:16:09.118003] [Hardware] Hardware Loop Stat (avg: 2.000 ms, min: 1.998 ms, max: 2.002 ms, count: 15000)
[07/31/26 16:53:56.116503] [debug] [00:16:09.249002] [ControlManager] Control Manager Loop Stat (avg: 2.000 ms, min: 1.997 ms, max: 2.003 ms, count: 15000)
[07/31/26 16:54:25.985515] [debug] [00:16:39.118003] [Hardware] Hardware Loop Stat (avg: 2.000 ms, min: 1.998 ms, max: 2.002 ms, count: 15000)
[07/31/26 16:54:26.116504] [debug] [00:16:39.249003] [ControlManager] Control Manager Loop Stat (avg: 2.000 ms, min: 1.999 ms, max: 2.002 ms, count: 15000)
[07/31/26 16:54:55.985513] [debug] [00:17:09.118003] [Hardware] Hardware Loop Stat (avg: 2.000 ms, min: 1.997 ms, max: 2.003 ms, count: 15000)
[07/31/26 16:54:56.116506] [debug] [00:17:09.249002] [ControlManager] Control Manager Loop Stat (avg: 2.000 ms, min: 1.998 ms, max: 2.002 ms, count: 15000)
[07/31/26 16:55:25.985514] [debug] [00:17:39.118003] [Hardware] Hardware Loop Stat (avg: 2.000 ms, min: 1.999 ms, max: 2.001 ms, count: 15000)
[07/31/26 16:55:26.116502] [debug] [00:17:39.249002] [ControlManager] Control Manager Loop Stat (avg: 2.000 ms, min: 1.999 ms, max: 2.002 ms, count: 15000)
[07/31/26 16:55:55.985512] [debug] [00:18:09.118003] [Hardware] Hardware Loop Stat (avg: 2.000 ms, min: 1.999 ms, max: 2.001 ms, count: 15000)
[07/31/26 16:55:56.116505] [debug] [00:18:09.249002] [ControlManager] Control Manager Loop Stat (avg: 2.000 ms, min: 1.998 ms, max: 2.002 ms, count: 15000)
[07/31/26 16:56:25.985515] [debug] [00:18:39.118003] [Hardware] Hardware Loop Stat (avg: 2.000 ms, min: 1.997 ms, max: 2.004 ms, count: 15000)
[07/31/26 16:56:26.116503] [debug] [00:18:39.249002] [ControlManager] Control Manager Loop Stat (avg: 2.000 ms, min: 1.997 ms, max: 2.003 ms, count: 15000)
[07/31/26 16:56:55.985512] [debug] [00:19:09.118003] [Hardware] Hardware Loop Stat (avg: 2.000 ms, min: 1.998 ms, max: 2.002 ms, count: 15000)
[07/31/26 16:56:56.116506] [debug] [00:19:09.249003] [ControlManager] Control Manager Loop Stat (avg: 2.000 ms, min: 1.999 ms, max: 2.001 ms, count: 15000)
[07/31/26 16:57:25.985514] [debug] [00:19:39.118003] [Hardware] Hardware Loop Stat (avg: 2.000 ms, min: 1.999 ms, max: 2.001 ms, count: 15000)
[07/31/26 16:57:26.116506] [debug] [00:19:39.249002] [ControlManager] Control Manager Loop Stat (avg: 2.000 ms, min: 1.999 ms, max: 2.001 ms, count: 15000)
[07/31/26 16:57:55.985513] [debug] [00:20:09.118003] [Hardware] Hardware Loop Stat (avg: 2.000 ms, min: 1.999 ms, max: 2.001 ms, count: 15000)
[07/31/26 16:57:56.116504] [debug] [00:20:09.249002] [ControlManager] Control Manager Loop Stat (avg: 2.000 ms, min: 1.999 ms, max: 2.001 ms, count: 15000)
[07/31/26 16:58:25.985515] [debug] [00:20:39.118003] [Hardware] Hardware Loop Stat (avg: 2.000 ms, min: 1.998 ms, max: 2.002 ms, count: 15000)
[07/31/26 16:58:26.116504] [debug] [00:20:39.249002] [ControlManager] Control Manager Loop Stat (avg: 2.000 ms, min: 1.997 ms, max: 2.003 ms, count: 15000)
[07/31/26 16:58:55.985511] [debug] [00:21:09.118003] [Hardware] Hardware Loop Stat (avg: 2.000 ms, min: 1.999 ms, max: 2.001 ms, count: 15000)
[07/31/26 16:58:56.116505] [debug] [00:21:09.249002] [ControlManager] Control Manager Loop Stat (avg: 2.000 ms, min: 1.997 ms, max: 2.003 ms, count: 15000)
[07/31/26 16:59:25.985513] [debug] [00:21:39.118003] [Hardware] Hardware Loop Stat (avg: 2.000 ms, min: 1.999 ms, max: 2.001 ms, count: 15000)
[07/31/26 16:59:26.116504] [debug] [00:21:39.249002] [ControlManager] Control Manager Loop Stat (avg: 2.000 ms, min: 1.999 ms, max: 2.001 ms, count: 15000)
[07/31/26 16:59:55.985515] [debug] [00:22:09.118003] [Hardware] Hardware Loop Stat (avg: 2.000 ms, min: 1.999 ms, max: 2.001 ms, count: 15000)
[07/31/26 16:59:56.116504] [debug] [00:22:09.249002] [ControlManager] Control Manager Loop Stat (avg: 2.000 ms, min: 1.997 ms, max: 2.002 ms, count: 15000)
[07/31/26 17:00:25.985515] [debug] [00:22:39.118003] [Hardware] Hardware Loop Stat (avg: 2.000 ms, min: 1.999 ms, max: 2.001 ms, count: 15000)
[07/31/26 17:00:26.116503] [debug] [00:22:39.249002] [ControlManager] Control Manager Loop Stat (avg: 2.000 ms, min: 1.998 ms, max: 2.002 ms, count: 15000)
[07/31/26 17:00:55.985522] [debug] [00:23:09.118003] [Hardware] Hardware Loop Stat (avg: 2.000 ms, min: 1.999 ms, max: 2.001 ms, count: 15000)
[07/31/26 17:00:56.116504] [debug] [00:23:09.249002] [ControlManager] Control Manager Loop Stat (avg: 2.000 ms, min: 1.997 ms, max: 2.003 ms, count: 15000)
[07/31/26 17:01:25.985513] [debug] [00:23:39.118003] [Hardware] Hardware Loop Stat (avg: 2.000 ms, min: 1.998 ms, max: 2.002 ms, count: 15000)
[07/31/26 17:01:26.116504] [debug] [00:23:39.249003] [ControlManager] Control Manager Loop Stat (avg: 2.000 ms, min: 1.997 ms, max: 2.003 ms, count: 15000)
[07/31/26 17:01:55.985515] [debug] [00:24:09.118003] [Hardware] Hardware Loop Stat (avg: 2.000 ms, min: 1.999 ms, max: 2.001 ms, count: 15000)
[07/31/26 17:01:56.116504] [debug] [00:24:09.249002] [ControlManager] Control Manager Loop Stat (avg: 2.000 ms, min: 1.995 ms, max: 2.005 ms, count: 15000)
[07/31/26 17:02:25.985514] [debug] [00:24:39.118003] [Hardware] Hardware Loop Stat (avg: 2.000 ms, min: 1.999 ms, max: 2.001 ms, count: 15000)
[07/31/26 17:02:26.116504] [debug] [00:24:39.249002] [ControlManager] Control Manager Loop Stat (avg: 2.000 ms, min: 1.997 ms, max: 2.003 ms, count: 15000)
[07/31/26 17:02:55.985515] [debug] [00:25:09.118003] [Hardware] Hardware Loop Stat (avg: 2.000 ms, min: 1.999 ms, max: 2.001 ms, count: 15000)
[07/31/26 17:02:56.116506] [debug] [00:25:09.249002] [ControlManager] Control Manager Loop Stat (avg: 2.000 ms, min: 1.997 ms, max: 2.003 ms, count: 15000)
[07/31/26 17:03:25.985512] [debug] [00:25:39.118003] [Hardware] Hardware Loop Stat (avg: 2.000 ms, min: 1.998 ms, max: 2.002 ms, count: 15000)
[07/31/26 17:03:26.116504] [debug] [00:25:39.249002] [ControlManager] Control Manager Loop Stat (avg: 2.000 ms, min: 1.998 ms, max: 2.002 ms, count: 15000)
[07/31/26 17:03:55.985515] [debug] [00:26:09.118003] [Hardware] Hardware Loop Stat (avg: 2.000 ms, min: 1.999 ms, max: 2.001 ms, count: 15000)
[07/31/26 17:03:56.116504] [debug] [00:26:09.249002] [ControlManager] Control Manager Loop Stat (avg: 2.000 ms, min: 1.997 ms, max: 2.003 ms, count: 15000)
[07/31/26 17:04:25.985512] [debug] [00:26:39.118003] [Hardware] Hardware Loop Stat (avg: 2.000 ms, min: 1.999 ms, max: 2.001 ms, count: 15000)
[07/31/26 17:04:26.116506] [debug] [00:26:39.249002] [ControlManager] Control Manager Loop Stat (avg: 2.000 ms, min: 1.996 ms, max: 2.004 ms, count: 15000)
[07/31/26 17:04:55.985514] [debug] [00:27:09.118003] [Hardware] Hardware Loop Stat (avg: 2.000 ms, min: 1.998 ms, max: 2.002 ms, count: 15000)
[07/31/26 17:04:56.116504] [debug] [00:27:09.249002] [ControlManager] Control Manager Loop Stat (avg: 2.000 ms, min: 1.998 ms, max: 2.001 ms, count: 15000)
[07/31/26 17:05:25.985515] [debug] [00:27:39.118004] [Hardware] Hardware Loop Stat (avg: 2.000 ms, min: 1.998 ms, max: 2.002 ms, count: 15000)
[07/31/26 17:05:26.116504] [debug] [00:27:39.249003] [ControlManager] Control Manager Loop Stat (avg: 2.000 ms, min: 1.996 ms, max: 2.004 ms, count: 15000)
[07/31/26 17:05:55.985515] [debug] [00:28:09.118003] [Hardware] Hardware Loop Stat (avg: 2.000 ms, min: 1.997 ms, max: 2.003 ms, count: 15000)
[07/31/26 17:05:56.116505] [debug] [00:28:09.249002] [ControlManager] Control Manager Loop Stat (avg: 2.000 ms, min: 1.998 ms, max: 2.002 ms, count: 15000)
[07/31/26 17:06:25.985514] [debug] [00:28:39.118003] [Hardware] Hardware Loop Stat (avg: 2.000 ms, min: 1.998 ms, max: 2.002 ms, count: 15000)
[07/31/26 17:06:26.116503] [debug] [00:28:39.249002] [ControlManager] Control Manager Loop Stat (avg: 2.000 ms, min: 1.998 ms, max: 2.001 ms,