[08/03/26 10:17:55.831310] [info] [00:00:08.962721] [App] App main
[08/03/26 10:17:55.831325] [info] [00:00:08.963277] [App] RBY1 Model: rby1m, Model Version: v1.3
[08/03/26 10:17:55.831328] [info] [00:00:08.963284] [App] RBY1 Version: 0.10.4
[08/03/26 10:17:55.831386] [info] [00:00:08.963341] [App] RBY1-SDK Version: 0.9.1 - a3274bb
[08/03/26 10:17:55.854759] [info] [00:00:08.986126] [RobotApp] Using default model: /root/exe/app/models/rby1m/urdf/model_v1.3.urdf
[08/03/26 10:17:55.858408] [info] [00:00:08.989889] [RobotApp] Building robot ...
[08/03/26 10:17:55.859852] [info] [00:00:08.990796] [RobotApp] Link Names: ["ee_finger_l1", "ee_finger_r2", "ee_left", "link_torso_5", "ee_finger_l2", "wheel_fl_link", "ee_finger_r1", "ee_right", "wheel_rl_link", "link_left_arm_6", "link_torso_4", "link_right_arm_3", "link_torso_0", "link_right_arm_4", "link_right_arm_0", "link_left_arm_2", "link_right_arm_5", "link_left_arm_0", "link_torso_1", "base", "link_left_arm_3", "link_torso_3", "wheel_rr_link", "wheel_fr_link", "link_head_0", "link_torso_2", "link_head_1", "link_right_arm_1", "link_left_arm_1", "link_left_arm_4", "link_right_arm_2", "link_head_2", "link_left_arm_5", "link_right_arm_6"]
[08/03/26 10:17:55.859873] [info] [00:00:08.991819] [RobotApp] Joint Names: ["left_arm_6", "left_arm_2", "right_arm_6", "head_0", "wheel_fr", "left_arm_3", "wheel_fl", "left_arm_5", "wheel_rr", "torso_4", "wheel_rl", "right_arm_5", "head_1", "torso_0", "right_arm_2", "torso_3", "left_arm_1", "torso_1", "right_arm_3", "torso_2", "torso_5", "left_arm_0", "right_arm_4", "right_arm_0", "left_arm_4", "right_arm_1"]
[08/03/26 10:17:57.047919] [info] [00:00:10.179863] [RobotApp] Server listening on 0.0.0.0:50051
[08/03/26 10:18:05.922487] [debug] [00:00:19.054423] [Service] Server method called: /rb.api.RobotInfoService/GetRobotInfo
[08/03/26 10:18:05.923357] [debug] [00:00:19.055310] [Service::RobotInfoService::GetRobotInfo] Requested: request_header { request_timestamp { seconds: 1785719885 nanos: 921222638 } }
[08/03/26 10:18:25.862066] [debug] [00:00:38.994003] [Hardware] Hardware Loop Stat (avg: 2.000 ms, min: 1.991 ms, max: 2.003 ms, count: 15000)
[08/03/26 10:18:25.885056] [debug] [00:00:39.017003] [ControlManager] Control Manager Loop Stat (avg: 2.000 ms, min: 1.996 ms, max: 2.004 ms, count: 15000)
[08/03/26 10:18:27.889176] [debug] [00:00:41.021116] [Service] Server method called: /rb.api.RobotInfoService/GetRobotInfo
[08/03/26 10:18:27.889213] [debug] [00:00:41.021167] [Service::RobotInfoService::GetRobotInfo] Requested: request_header { request_timestamp { seconds: 1785719853 nanos: 146953217 } }
[08/03/26 10:18:27.890378] [debug] [00:00:41.022322] [Service] Server method called: /rb.api.RobotStateService/GetRobotState
[08/03/26 10:18:27.890691] [debug] [00:00:41.022645] [Service::RobotStateService::GetRobotState] Requested: request_header { request_timestamp { seconds: 1785719853 nanos: 150257501 } }
[08/03/26 10:18:27.892038] [debug] [00:00:41.023989] [Service] Server method called: /rb.api.PowerService/PowerCommand
[08/03/26 10:18:27.892155] [debug] [00:00:41.024109] [Service::PowerService::PowerCommand] Requested: request_header { request_timestamp { seconds: 1785719853 nanos: 151910021 } } name: ".*" command: COMMAND_POWER_ON
[08/03/26 10:18:27.892160] [info] [00:00:41.024115] [Hardware::ExecutePowerCommand] Started: device name = .*, command = PowerOn
[08/03/26 10:18:29.152243] [error] [00:00:42.284183] [Hardware::ExecutePowerCommand] EMO Error: Please check EMO Switch
[08/03/26 10:18:29.152268] [error] [00:00:42.284213] [Hardware::ExecutePowerCommand] Timeout: Power command failed - unmatched power states: 48v
[08/03/26 10:18:29.152275] [debug] [00:00:42.284231] [Service::PowerService::PowerCommand] Result: Failed
[08/03/26 10:18:34.327367] [debug] [00:00:47.459310] [Service] Server method called: /rb.api.RobotInfoService/GetRobotInfo
[08/03/26 10:18:34.327404] [debug] [00:00:47.459359] [Service::RobotInfoService::GetRobotInfo] Requested: request_header { request_timestamp { seconds: 1785719859 nanos: 587763019 } }
[08/03/26 10:18:34.328468] [debug] [00:00:47.460413] [Service] Server method called: /rb.api.RobotStateService/GetRobotState
[08/03/26 10:18:34.328496] [debug] [00:00:47.460451] [Service::RobotStateService::GetRobotState] Requested: request_header { request_timestamp { seconds: 1785719859 nanos: 589062950 } }
[08/03/26 10:18:34.329795] [debug] [00:00:47.461746] [Service] Server method called: /rb.api.PowerService/PowerCommand
[08/03/26 10:18:34.329817] [debug] [00:00:47.461772] [Service::PowerService::PowerCommand] Requested: request_header { request_timestamp { seconds: 1785719859 nanos: 590413495 } } name: ".*" command: COMMAND_POWER_ON
[08/03/26 10:18:34.329822] [info] [00:00:47.461778] [Hardware::ExecutePowerCommand] Started: device name = .*, command = PowerOn
[08/03/26 10:18:35.590059] [error] [00:00:48.722006] [Hardware::ExecutePowerCommand] EMO Error: Please check EMO Switch
[08/03/26 10:18:35.590080] [error] [00:00:48.722027] [Hardware::ExecutePowerCommand] Timeout: Power command failed - unmatched power states: 48v
[08/03/26 10:18:35.590086] [debug] [00:00:48.722042] [Service::PowerService::PowerCommand] Result: Failed
[08/03/26 10:18:55.862062] [debug] [00:01:08.994003] [Hardware] Hardware Loop Stat (avg: 2.000 ms, min: 1.997 ms, max: 2.003 ms, count: 15000)
[08/03/26 10:18:55.885051] [debug] [00:01:09.017002] [ControlManager] Control Manager Loop Stat (avg: 2.000 ms, min: 1.996 ms, max: 2.004 ms, count: 15000)
[08/03/26 10:19:09.179022] [debug] [00:01:22.310967] [Service] Server method called: /rb.api.RobotInfoService/GetRobotModel
[08/03/26 10:19:09.179064] [debug] [00:01:22.311017] [Service::RobotInfoService::GetRobotModel] Requested: request_header { request_timestamp { seconds: 1785719894 nanos: 443102559 } }
[08/03/26 10:19:09.181897] [debug] [00:01:22.313848] [Service] Server method called: /rb.api.RobotStateService/GetRobotStateStream
[08/03/26 10:19:09.181927] [debug] [00:01:22.313882] [Service::RobotStateService::GetRobotStateStream] Requested: request_header { request_timestamp { seconds: 1785719894 nanos: 446274574 } } update_rate: 100
[08/03/26 10:19:22.299491] [debug] [00:01:35.431434] [Service] Server method called: /rb.api.RobotInfoService/GetRobotInfo
[08/03/26 10:19:22.299525] [debug] [00:01:35.431479] [Service::RobotInfoService::GetRobotInfo] Requested: request_header { request_timestamp { seconds: 1785719907 nanos: 565326730 } }
[08/03/26 10:19:22.300054] [debug] [00:01:35.432006] [Service] Server method called: /rb.api.RobotStateService/GetRobotState
[08/03/26 10:19:22.300079] [debug] [00:01:35.432034] [Service::RobotStateService::GetRobotState] Requested: request_header { request_timestamp { seconds: 1785719907 nanos: 566010814 } }
[08/03/26 10:19:22.300539] [debug] [00:01:35.432488] [Service] Server method called: /rb.api.PowerService/PowerCommand
[08/03/26 10:19:22.300565] [debug] [00:01:35.432520] [Service::PowerService::PowerCommand] Requested: request_header { request_timestamp { seconds: 1785719907 nanos: 566519225 } } name: ".*" command: COMMAND_POWER_ON
[08/03/26 10:19:22.300570] [info] [00:01:35.432525] [Hardware::ExecutePowerCommand] Started: device name = .*, command = PowerOn
[08/03/26 10:19:22.696229] [info] [00:01:35.828179] [Hardware::ExecutePowerCommand] Power command succeeded
[08/03/26 10:19:22.696236] [debug] [00:01:35.828191] [Service::PowerService::PowerCommand] Result: Success
[08/03/26 10:19:22.696761] [debug] [00:01:35.828710] [Service] Server method called: /rb.api.RobotInfoService/GetRobotInfo
[08/03/26 10:19:22.696783] [debug] [00:01:35.828739] [Service::RobotInfoService::GetRobotInfo] Requested: request_header { request_timestamp { seconds: 1785719907 nanos: 962739295 } }
[08/03/26 10:19:22.697263] [debug] [00:01:35.829214] [Service] Server method called: /rb.api.RobotStateService/GetRobotState
[08/03/26 10:19:22.697281] [debug] [00:01:35.829236] [Service::RobotStateService::GetRobotState] Requested: request_header { request_timestamp { seconds: 1785719907 nanos: 963306308 } }
[08/03/26 10:19:22.697776] [debug] [00:01:35.829728] [Service] Server method called: /rb.api.PowerService/JointCommand
[08/03/26 10:19:22.697797] [debug] [00:01:35.829751] [Service::PowerService::JointCommand] Requested: request_header { request_timestamp { seconds: 1785719907 nanos: 963813374 } } name: ".*" command: COMMAND_SERVO_ON
[08/03/26 10:19:25.730243] [debug] [00:01:38.862185] [Service::PowerService::JointCommand] Result: Success
[08/03/26 10:19:25.731394] [debug] [00:01:38.863331] [Service] Server method called: /rb.api.RobotStateService/GetControlManagerState
[08/03/26 10:19:25.731427] [debug] [00:01:38.863381] [Service::RobotStateService::GetControlManagerState] Requested: request_header { request_timestamp { seconds: 1785719910 nanos: 997561258 } }
[08/03/26 10:19:25.732267] [debug] [00:01:38.864215] [Service] Server method called: /rb.api.RobotInfoService/GetRobotInfo
[08/03/26 10:19:25.732290] [debug] [00:01:38.864244] [Service::RobotInfoService::GetRobotInfo] Requested: request_header { request_timestamp { seconds: 1785719910 nanos: 998445491 } }
[08/03/26 10:19:25.732973] [debug] [00:01:38.864924] [Service] Server method called: /rb.api.RobotStateService/GetRobotState
[08/03/26 10:19:25.732992] [debug] [00:01:38.864947] [Service::RobotStateService::GetRobotState] Requested: request_header { request_timestamp { seconds: 1785719910 nanos: 999242389 } }
[08/03/26 10:19:25.733581] [debug] [00:01:38.865532] [Service] Server method called: /rb.api.RobotStateService/GetRobotState
[08/03/26 10:19:25.733606] [debug] [00:01:38.865561] [Service::RobotStateService::GetRobotState] Requested: request_header { request_timestamp { seconds: 1785719910 nanos: 999874281 } }
[08/03/26 10:19:25.734697] [debug] [00:01:38.866648] [Service] Server method called: /rb.api.RobotInfoService/GetRobotInfo
[08/03/26 10:19:25.734715] [debug] [00:01:38.866670] [Service::RobotInfoService::GetRobotInfo] Requested: request_header { request_timestamp { seconds: 1785719911 nanos: 951159 } }
[08/03/26 10:19:25.735636] [debug] [00:01:38.867588] [Service] Server method called: /rb.api.ControlManagerService/ControlManagerCommand
[08/03/26 10:19:25.735812] [debug] [00:01:38.867765] [Service::ControlManagerService::ControlManagerCommand] Requested: request_header { request_timestamp { seconds: 1785719911 nanos: 1858200 } } command: COMMAND_ENABLE unlimited_mode_enabled { }
[08/03/26 10:19:25.735818] [info] [00:01:38.867773] [ControlManager::Enable] Enable request received. Starting the enabling process...
[08/03/26 10:19:25.737060] [info] [00:01:38.869015] [ControlManager::Enable] Control Manager successfully enabled
[08/03/26 10:19:25.737676] [debug] [00:01:38.869629] [Service] Server method called: /rb.api.ParameterService/SetParameter
[08/03/26 10:19:25.737784] [debug] [00:01:38.869738] [Service::ParameterService::SetParameter] Requested: request_header { request_timestamp { seconds: 1785719911 nanos: 3966116 } } name: "cartesian_command.cutoff_frequency" parameter: "{\"value\":5,\"write_db\":true}"
[08/03/26 10:19:25.744682] [debug] [00:01:38.876634] [Service] Server method called: /rb.api.ParameterService/SetParameter
[08/03/26 10:19:25.744700] [debug] [00:01:38.876655] [Service::ParameterService::SetParameter] Requested: request_header { request_timestamp { seconds: 1785719911 nanos: 10999300 } } name: "default.acceleration_limit_scaling" parameter: "{\"value\":1.0,\"write_db\":true}"
[08/03/26 10:19:25.750654] [debug] [00:01:38.882606] [Service] Server method called: /rb.api.ParameterService/SetParameter
[08/03/26 10:19:25.750671] [debug] [00:01:38.882626] [Service::ParameterService::SetParameter] Requested: request_header { request_timestamp { seconds: 1785719911 nanos: 16941456 } } name: "default.angular_acceleration_limit" parameter: "{\"value\":10,\"write_db\":true}"
[08/03/26 10:19:25.756467] [debug] [00:01:38.888418] [Service] Server method called: /rb.api.ParameterService/SetParameter
[08/03/26 10:19:25.756484] [debug] [00:01:38.888439] [Service::ParameterService::SetParameter] Requested: request_header { request_timestamp { seconds: 1785719911 nanos: 22772787 } } name: "default.linear_acceleration_limit" parameter: "{\"value\":20,\"write_db\":true}"
[08/03/26 10:19:25.762725] [debug] [00:01:38.894676] [Service] Server method called: /rb.api.ParameterService/SetParameter
[08/03/26 10:19:25.762742] [debug] [00:01:38.894697] [Service::ParameterService::SetParameter] Requested: request_header { request_timestamp { seconds: 1785719911 nanos: 28993710 } } name: "joint_position_command.cutoff_frequency" parameter: "{\"value\":5,\"write_db\":true}"
[08/03/26 10:19:25.768862] [debug] [00:01:38.900813] [Service] Server method called: /rb.api.RobotCommandService/RobotCommand
[08/03/26 10:19:25.769554] [debug] [00:01:38.901506] [Service::RobotCommandService::RobotCommand] Requested: robot_command { component_based_command { body_command { joint_position_command { command_header { control_hold_time { seconds: 1 } } minimum_time { nanos: 500000000 } position: -0.065646024360779334 position: 0.78346549948399835 position: -1.2128548196810862 position: 0.44344954509199019 position: 0.010631550015048999 position: 0.37300793227799411 position: -0.84421721385570692 position: -0.74261376855117256 position: 0.87064041262525194 positio... [truncated]
[08/03/26 10:19:25.769561] [debug] [00:01:38.901517] [Service::RobotCommandService::RobotCommand]   Peer: ipv4:192.168.30.230:58506
[08/03/26 10:19:25.769794] [debug] [00:01:38.901747] [Service::RobotCommandService::RobotCommand]   IP: 192.168.30.230, Family: ipv4
[08/03/26 10:19:25.777083] [info] [00:01:38.909036] [ControlManager] Control started: {"type":"RobotCommand","control":{"type":"ComponentBasedCommand","components":{"mobility":null,"body":{"type":"BodyCommand","control":{"type":"JointPositionCommand","control":{"type":"JointPositionControl"}}},"head":{"type":"HeadCommand","control":{"type":"JointPositionCommand","control":{"type":"JointPositionControl"}}}}}} (priority: 1)
[08/03/26 10:19:25.862055] [debug] [00:01:38.994003] [Hardware] Hardware Loop Stat (avg: 2.000 ms, min: 1.997 ms, max: 2.003 ms, count: 15000)
[08/03/26 10:19:25.885049] [debug] [00:01:39.017002] [ControlManager] Control Manager Loop Stat (avg: 2.000 ms, min: 1.996 ms, max: 2.004 ms, count: 15000)
[08/03/26 10:19:27.535096] [debug] [00:01:40.667044] [ControlManager] Control finished: {"type":"RobotCommand","control":{"type":"ComponentBasedCommand","components":{"mobility":null,"body":{"type":"BodyCommand","control":{"type":"JointPositionCommand","control":{"type":"JointPositionControl"}}},"head":{"type":"HeadCommand","control":{"type":"JointPositionCommand","control":{"type":"JointPositionControl"}}}}}}
[08/03/26 10:19:27.535189] [info] [00:01:40.667139] [ControlInterface] Control completed successfully.
[08/03/26 10:19:27.535198] [debug] [00:01:40.667149] [ControlInterface::ExecutionStats] Average Control Time: 0.001 ms (max: 0.034 ms, min: 0.001 ms, sigma: 0.001 ms, count: 880)
[08/03/26 10:19:27.536114] [debug] [00:01:40.668065] [Service] Server method called: /rb.api.PowerService/ToolFlangePowerCommand
[08/03/26 10:19:27.536145] [debug] [00:01:40.668100] [Service::PowerService::ToolFlangePowerCommand] Requested: request_header { request_timestamp { seconds: 1785719912 nanos: 802482492 } } name: "right" command: COMMAND_POWER_12V
[08/03/26 10:19:27.536150] [debug] [00:01:40.668106] [Service::PowerService::ToolFlangePowerCommand] Result: Success
[08/03/26 10:19:27.536577] [debug] [00:01:40.668530] [Service] Server method called: /rb.api.PowerService/ToolFlangePowerCommand
[08/03/26 10:19:27.536593] [debug] [00:01:40.668548] [Service::PowerService::ToolFlangePowerCommand] Requested: request_header { request_timestamp { seconds: 1785719912 nanos: 803060121 } } name: "left" command: COMMAND_POWER_12V
[08/03/26 10:19:27.536598] [debug] [00:01:40.668554] [Service::PowerService::ToolFlangePowerCommand] Result: Success
[08/03/26 10:19:42.167681] [debug] [00:01:55.299624] [Service] Server method called: /rb.api.RobotCommandService/RobotCommand
[08/03/26 10:19:42.167752] [debug] [00:01:55.299705] [Service::RobotCommandService::RobotCommand] Requested: robot_command { component_based_command { body_command { joint_position_command { command_header { control_hold_time { seconds: 1 } } minimum_time { seconds: 4 } position: 0 position: 0.78539816339744828 position: -1.3962634015954636 position: 0.78539816339744828 position: 0 position: 0 position: 0 position: -0.26179938779914941 position: 0 position: -2.0943951023931953 position: 0 position: 0.52359877559829882 position: 0 position: 0 position: 0... [truncated]
[08/03/26 10:19:42.167756] [debug] [00:01:55.299712] [Service::RobotCommandService::RobotCommand]   Peer: ipv4:192.168.30.230:58506
[08/03/26 10:19:42.167903] [debug] [00:01:55.299858] [Service::RobotCommandService::RobotCommand]   IP: 192.168.30.230, Family: ipv4
[08/03/26 10:19:42.173091] [info] [00:01:55.305039] [ControlManager] Control started: {"type":"RobotCommand","control":{"type":"ComponentBasedCommand","components":{"mobility":null,"body":{"type":"BodyCommand","control":{"type":"JointPositionCommand","control":{"type":"JointPositionControl"}}},"head":{"type":"HeadCommand","control":{"type":"JointPositionCommand","control":{"type":"JointPositionControl"}}}}}} (priority: 1)
[08/03/26 10:19:47.431095] [debug] [00:02:00.563042] [ControlManager] Control finished: {"type":"RobotCommand","control":{"type":"ComponentBasedCommand","components":{"mobility":null,"body":{"type":"BodyCommand","control":{"type":"JointPositionCommand","control":{"type":"JointPositionControl"}}},"head":{"type":"HeadCommand","control":{"type":"JointPositionCommand","control":{"type":"JointPositionControl"}}}}}}
[08/03/26 10:19:47.431154] [info] [00:02:00.563104] [ControlInterface] Control completed successfully.
[08/03/26 10:19:47.431164] [debug] [00:02:00.563114] [ControlInterface::ExecutionStats] Average Control Time: 0.001 ms (max: 0.024 ms, min: 0.001 ms, sigma: 0.000 ms, count: 2630)
[08/03/26 10:19:47.431647] [debug] [00:02:00.563598] [Service] Server method called: /rb.api.RobotCommandService/RobotCommandStream
[08/03/26 10:19:47.431671] [debug] [00:02:00.563626] [Service::RobotCommandService::RobotCommandStream] Stream is created
[08/03/26 10:19:47.464259] [debug] [00:02:00.596209] [Service::RobotCommandService::RobotCommandStream] Requested: robot_command { component_based_command { mobility_command { se2_velocity_command { command_header { control_hold_time { seconds: 1 } } minimum_time { nanos: 10100000 } velocity { linear { } } acceleration_limit { linear { x: 1 y: 1 } angular: 1 } } } body_command { joint_impedance_control_command { command_header { control_hold_time { seconds: 1 } } minimum_time { nanos: 10100000 } position: -9.0971844001289424e-05 position: 0.78515009359253884 ... [truncated]
[08/03/26 10:19:47.464267] [debug] [00:02:00.596222] [Service::RobotCommandService::RobotCommandStream]   Peer: ipv4:192.168.30.230:58506
[08/03/26 10:19:47.464427] [debug] [00:02:00.596382] [Service::RobotCommandService::RobotCommandStream]   IP: 192.168.30.230, Family: ipv4
[08/03/26 10:19:47.469073] [info] [00:02:00.601028] [ControlManager] Control started: {"type":"RobotCommand","control":{"type":"ComponentBasedCommand","components":{"mobility":{"type":"MobilityCommand","control":{"type":"SE2VelocityCommand","control":{"type":"MobilitySE2VelocityControl"}}},"body":{"type":"BodyCommand","control":{"type":"JointImpedanceControlCommand","control":{"type":"JointImpedanceControl"}}},"head":{"type":"HeadCommand","control":{"type":"JointPositionCommand","control":{"type":"JointPositionControl"}}}}}} (priority: 1)
[08/03/26 10:19:55.862064] [debug] [00:02:08.994003] [Hardware] Hardware Loop Stat (avg: 2.000 ms, min: 1.999 ms, max: 2.001 ms, count: 15000)
[08/03/26 10:19:55.885053] [debug] [00:02:09.017003] [ControlManager] Control Manager Loop Stat (avg: 2.000 ms, min: 1.999 ms, max: 2.001 ms, count: 15000)
[08/03/26 10:19:57.467205] [debug] [00:02:10.599147] [ControlInterface::ExecutionStats] Average Control Time: 0.121 ms (max: 0.266 ms, min: 0.111 ms, sigma: 0.005 ms, count: 5000)
[08/03/26 10:20:07.467193] [debug] [00:02:20.599133] [ControlInterface::ExecutionStats] Average Control Time: 0.122 ms (max: 0.141 ms, min: 0.111 ms, sigma: 0.005 ms, count: 5000)
[08/03/26 10:20:17.467187] [debug] [00:02:30.599129] [ControlInterface::ExecutionStats] Average Control Time: 0.121 ms (max: 0.140 ms, min: 0.110 ms, sigma: 0.005 ms, count: 5000)
[08/03/26 10:20:25.862065] [debug] [00:02:38.994003] [Hardware] Hardware Loop Stat (avg: 2.000 ms, min: 1.997 ms, max: 2.002 ms, count: 15000)
[08/03/26 10:20:25.885052] [debug] [00:02:39.017002] [ControlManager] Control Manager Loop Stat (avg: 2.000 ms, min: 1.997 ms, max: 2.003 ms, count: 15000)
[08/03/26 10:20:27.467188] [debug] [00:02:40.599129] [ControlInterface::ExecutionStats] Average Control Time: 0.117 ms (max: 0.133 ms, min: 0.109 ms, sigma: 0.005 ms, count: 5000)
[08/03/26 10:20:37.467194] [debug] [00:02:50.599135] [ControlInterface::ExecutionStats] Average Control Time: 0.117 ms (max: 0.135 ms, min: 0.108 ms, sigma: 0.005 ms, count: 5000)
[08/03/26 10:20:45.175185] [debug] [00:02:58.307127] [Service] Server method called: /rb.api.RobotCommandService/RobotCommand
[08/03/26 10:20:45.175303] [debug] [00:02:58.307256] [Service::RobotCommandService::RobotCommand] Requested: robot_command { whole_body_command { stop_command { } } } priority: 99
[08/03/26 10:20:45.175308] [debug] [00:02:58.307264] [Service::RobotCommandService::RobotCommand]   Peer: ipv4:192.168.30.230:58506
[08/03/26 10:20:45.175470] [debug] [00:02:58.307424] [Service::RobotCommandService::RobotCommand]   IP: 192.168.30.230, Family: ipv4
[08/03/26 10:20:45.179202] [info] [00:02:58.311152] [ControlManager::CancelControl] Control cancel request received
[08/03/26 10:20:45.181184] [warning] [00:02:58.313134] [ControlManager::CancelControl] Target control is not currently running
[08/03/26 10:20:45.181203] [error] [00:02:58.313149] [ControlManager::CancelControl] Failed to start control canceling process
[08/03/26 10:20:45.181206] [info] [00:02:58.313161] [Service::RobotCommandService::RobotCommand] Control canceled
[08/03/26 10:20:45.279220] [debug] [00:02:58.411172] [ControlManager] Control finished: {"type":"RobotCommand","control":{"type":"ComponentBasedCommand","components":{"mobility":{"type":"MobilityCommand","control":{"type":"SE2VelocityCommand","control":{"type":"MobilitySE2VelocityControl"}}},"body":{"type":"BodyCommand","control":{"type":"JointImpedanceControlCommand","control":{"type":"JointImpedanceControl"}}},"head":{"type":"HeadCommand","control":{"type":"JointPositionCommand","control":{"type":"JointPositionControl"}}}}}}
[08/03/26 10:20:45.279324] [debug] [00:02:58.411273] [Service::RobotCommandService::RobotCommandStream] OnReadDone (write_done: true, read_done: true)
[08/03/26 10:20:45.279347] [debug] [00:02:58.411296] [Service::RobotCommandService::RobotCommandStream] OnCancel
[08/03/26 10:20:45.279477] [debug] [00:02:58.411430] [Service::RobotCommandService::RobotCommandStream] OnDone: robot_command { component_based_command { mobility_command { se2_velocity_command { command_header { control_hold_time { seconds: 1 } } minimum_time { nanos: 10100000 } velocity { linear { } } acceleration_limit { linear { x: 1 y: 1 } angular: 1 } } } body_command { joint_impedance_control_command { command_header { control_hold_time { seconds: 1 } } minimum_time { nanos: 10100000 } position: 0.05 position: 1.0820934488271872 position: -1.6559017... [truncated]
[08/03/26 10:20:45.279521] [info] [00:02:58.411463] [ControlInterface] Control was preempted or canceled by another request.
[08/03/26 10:20:45.279538] [debug] [00:02:58.411481] [ControlInterface::ExecutionStats] Average Control Time: 0.117 ms (max: 0.134 ms, min: 0.108 ms, sigma: 0.005 ms, count: 3906)
[08/03/26 10:20:45.281062] [info] [00:02:58.413016] [ControlManager] Control started: {"type":"RobotCommand","control":{"type":"WholeBodyCommand","control":{"type":"StopControl","control":{"type":"JointVelocityControl"}}}} (priority: 99)
[08/03/26 10:20:45.281083] [debug] [00:02:58.413039] [ControlManager] Control finished: {"type":"RobotCommand","control":{"type":"WholeBodyCommand","control":{"type":"StopControl","control":{"type":"JointVelocityControl"}}}}
[08/03/26 10:20:45.281117] [info] [00:02:58.413071] [ControlInterface] Control completed successfully.
[08/03/26 10:20:45.281121] [debug] [00:02:58.413075] [ControlInterface::ExecutionStats] Average Control Time: 0.007 ms (max: 0.007 ms, min: 0.007 ms, sigma: 0.000 ms, count: 1)
[08/03/26 10:20:55.862061] [debug] [00:03:08.994002] [Hardware] Hardware Loop Stat (avg: 2.000 ms, min: 1.998 ms, max: 2.002 ms, count: 15000)
[08/03/26 10:20:55.885051] [debug] [00:03:09.017003] [ControlManager] Control Manager Loop Stat (avg: 2.000 ms, min: 1.997 ms, max: 2.003 ms, count: 15000)
[08/03/26 10:21:25.862060] [debug] [00:03:38.994002] [Hardware] Hardware Loop Stat (avg: 2.000 ms, min: 1.997 ms, max: 2.004 ms, count: 15000)
[08/03/26 10:21:25.885050] [debug] [00:03:39.017002] [ControlManager] Control Manager Loop Stat (avg: 2.000 ms, min: 1.997 ms, max: 2.003 ms, count: 15000)
[08/03/26 10:21:29.973475] [debug] [00:03:43.105419] [Service] Server method called: /rb.api.RobotInfoService/GetRobotInfo
[08/03/26 10:21:29.973542] [debug] [00:03:43.105496] [Service::RobotInfoService::GetRobotInfo] Requested: request_header { request_timestamp { seconds: 1785720035 nanos: 248595377 } }
[08/03/26 10:21:29.974226] [debug] [00:03:43.106173] [Service] Server method called: /rb.api.RobotStateService/GetRobotState
[08/03/26 10:21:29.974252] [debug] [00:03:43.106206] [Service::RobotStateService::GetRobotState] Requested: request_header { request_timestamp { seconds: 1785720035 nanos: 249517927 } }
[08/03/26 10:21:29.974789] [debug] [00:03:43.106740] [Service] Server method called: /rb.api.RobotInfoService/GetRobotInfo
[08/03/26 10:21:29.974809] [debug] [00:03:43.106764] [Service::RobotInfoService::GetRobotInfo] Requested: request_header { request_timestamp { seconds: 1785720035 nanos: 250120830 } }
[08/03/26 10:21:29.975331] [debug] [00:03:43.107283] [Service] Server method called: /rb.api.RobotStateService/GetRobotState
[08/03/26 10:21:29.975356] [debug] [00:03:43.107311] [Service::RobotStateService::GetRobotState] Requested: request_header { request_timestamp { seconds: 1785720035 nanos: 250688072 } }
[08/03/26 10:21:29.975847] [debug] [00:03:43.107799] [Service] Server method called: /rb.api.RobotStateService/GetControlManagerState
[08/03/26 10:21:29.975866] [debug] [00:03:43.107821] [Service::RobotStateService::GetControlManagerState] Requested: request_header { request_timestamp { seconds: 1785720035 nanos: 251203733 } }
[08/03/26 10:21:29.976172] [debug] [00:03:43.108124] [Service] Server method called: /rb.api.RobotCommandService/RobotCommand
[08/03/26 10:21:29.976191] [debug] [00:03:43.108146] [Service::RobotCommandService::RobotCommand] Requested: robot_command { whole_body_command { stop_command { } } } priority: 99
[08/03/26 10:21:29.976194] [debug] [00:03:43.108150] [Service::RobotCommandService::RobotCommand]   Peer: ipv4:192.168.30.230:58506
[08/03/26 10:21:29.976342] [debug] [00:03:43.108297] [Service::RobotCommandService::RobotCommand]   IP: 192.168.30.230, Family: ipv4
[08/03/26 10:21:29.981073] [info] [00:03:43.113025] [ControlManager] Control started: {"type":"RobotCommand","control":{"type":"WholeBodyCommand","control":{"type":"StopControl","control":{"type":"JointVelocityControl"}}}} (priority: 99)
[08/03/26 10:21:29.981100] [debug] [00:03:43.113056] [ControlManager] Control finished: {"type":"RobotCommand","control":{"type":"WholeBodyCommand","control":{"type":"StopControl","control":{"type":"JointVelocityControl"}}}}
[08/03/26 10:21:29.981132] [info] [00:03:43.113086] [ControlInterface] Control completed successfully.
[08/03/26 10:21:29.981140] [debug] [00:03:43.113091] [ControlInterface::ExecutionStats] Average Control Time: 0.007 ms (max: 0.007 ms, min: 0.007 ms, sigma: 0.000 ms, count: 1)
[08/03/26 10:21:29.981634] [debug] [00:03:43.113586] [Service] Server method called: /rb.api.ControlManagerService/ControlManagerCommand
[08/03/26 10:21:29.981656] [debug] [00:03:43.113610] [Service::ControlManagerService::ControlManagerCommand] Requested: request_header { request_timestamp { seconds: 1785720035 nanos: 256924688 } } command: COMMAND_DISABLE
[08/03/26 10:21:29.981660] [info] [00:03:43.113616] [ControlManager::Disable] Disable request received. Starting the disabling process...
[08/03/26 10:21:29.983064] [info] [00:03:43.115019] [ControlManager::Disable] Control Manager successfully disabled
[08/03/26 10:21:29.983542] [debug] [00:03:43.115494] [Service] Server method called: /rb.api.RobotInfoService/GetRobotInfo
[08/03/26 10:21:29.983564] [debug] [00:03:43.115519] [Service::RobotInfoService::GetRobotInfo] Requested: request_header { request_timestamp { seconds: 1785720035 nanos: 258855225 } }
[08/03/26 10:21:29.984030] [debug] [00:03:43.115983] [Service] Server method called: /rb.api.RobotStateService/GetRobotState
[08/03/26 10:21:29.984045] [debug] [00:03:43.116000] [Service::RobotStateService::GetRobotState] Requested: request_header { request_timestamp { seconds: 1785720035 nanos: 259346097 } }
[08/03/26 10:21:29.984451] [debug] [00:03:43.116404] [Service] Server method called: /rb.api.RobotStateService/GetRobotState
[08/03/26 10:21:29.984465] [debug] [00:03:43.116421] [Service::RobotStateService::GetRobotState] Requested: request_header { request_timestamp { seconds: 1785720035 nanos: 259788315 } }
[08/03/26 10:21:29.984841] [debug] [00:03:43.116794] [Service] Server method called: /rb.api.RobotInfoService/GetRobotInfo
[08/03/26 10:21:29.984856] [debug] [00:03:43.116811] [Service::RobotInfoService::GetRobotInfo] Requested: request_header { request_timestamp { seconds: 1785720035 nanos: 260160849 } }
[08/03/26 10:21:29.985420] [debug] [00:03:43.117370] [Service] Server method called: /rb.api.ControlManagerService/ControlManagerCommand
[08/03/26 10:21:29.985439] [debug] [00:03:43.117395] [Service::ControlManagerService::ControlManagerCommand] Requested: request_header { request_timestamp { seconds: 1785720035 nanos: 260729653 } } command: COMMAND_ENABLE unlimited_mode_enabled { }
[08/03/26 10:21:29.985443] [info] [00:03:43.117399] [ControlManager::Enable] Enable request received. Starting the enabling process...
[08/03/26 10:21:29.987057] [info] [00:03:43.119014] [ControlManager::Enable] Control Manager successfully enabled
[08/03/26 10:21:29.987548] [debug] [00:03:43.119501] [Service] Server method called: /rb.api.ParameterService/SetParameter
[08/03/26 10:21:29.987565] [debug] [00:03:43.119520] [Service::ParameterService::SetParameter] Requested: request_header { request_timestamp { seconds: 1785720035 nanos: 262867777 } } name: "cartesian_command.cutoff_frequency" parameter: "{\"value\":5,\"write_db\":true}"
[08/03/26 10:21:29.997846] [debug] [00:03:43.129798] [Service] Server method called: /rb.api.ParameterService/SetParameter
[08/03/26 10:21:29.997896] [debug] [00:03:43.129851] [Service::ParameterService::SetParameter] Requested: request_header { request_timestamp { seconds: 1785720035 nanos: 273146569 } } name: "default.acceleration_limit_scaling" parameter: "{\"value\":1.0,\"write_db\":true}"
[08/03/26 10:21:30.003766] [debug] [00:03:43.135717] [Service] Server method called: /rb.api.ParameterService/SetParameter
[08/03/26 10:21:30.003791] [debug] [00:03:43.135746] [Service::ParameterService::SetParameter] Requested: request_header { request_timestamp { seconds: 1785720035 nanos: 279079608 } } name: "default.angular_acceleration_limit" parameter: "{\"value\":10,\"write_db\":true}"
[08/03/26 10:21:30.009692] [debug] [00:03:43.141642] [Service] Server method called: /rb.api.ParameterService/SetParameter
[08/03/26 10:21:30.009711] [debug] [00:03:43.141665] [Service::ParameterService::SetParameter] Requested: request_header { request_timestamp { seconds: 1785720035 nanos: 284990083 } } name: "default.linear_acceleration_limit" parameter: "{\"value\":20,\"write_db\":true}"
[08/03/26 10:21:30.015685] [debug] [00:03:43.147637] [Service] Server method called: /rb.api.ParameterService/SetParameter
[08/03/26 10:21:30.015703] [debug] [00:03:43.147658] [Service::ParameterService::SetParameter] Requested: request_header { request_timestamp { seconds: 1785720035 nanos: 290992351 } } name: "joint_position_command.cutoff_frequency" parameter: "{\"value\":5,\"write_db\":true}"
[08/03/26 10:21:30.021622] [debug] [00:03:43.153574] [Service] Server method called: /rb.api.RobotCommandService/RobotCommand
[08/03/26 10:21:30.021689] [debug] [00:03:43.153643] [Service::RobotCommandService::RobotCommand] Requested: robot_command { component_based_command { body_command { joint_position_command { command_header { control_hold_time { seconds: 1 } } minimum_time { nanos: 500000000 } position: 0.019053256419827098 position: 1.3952504511356965 position: -1.650267163157388 position: 0.76553235279789966 position: 0.036572532051768553 position: 0.14697738197590418 position: -0.16061234487020451 position: -0.046513031315839372 position: -0.383358505614074 position: ... [truncated]
[08/03/26 10:21:30.021692] [debug] [00:03:43.153648] [Service::RobotCommandService::RobotCommand]   Peer: ipv4:192.168.30.230:58506
[08/03/26 10:21:30.021863] [debug] [00:03:43.153817] [Service::RobotCommandService::RobotCommand]   IP: 192.168.30.230, Family: ipv4
[08/03/26 10:21:30.027074] [info] [00:03:43.159030] [ControlManager] Control started: {"type":"RobotCommand","control":{"type":"ComponentBasedCommand","components":{"mobility":null,"body":{"type":"BodyCommand","control":{"type":"JointPositionCommand","control":{"type":"JointPositionControl"}}},"head":{"type":"HeadCommand","control":{"type":"JointPositionCommand","control":{"type":"JointPositionControl"}}}}}} (priority: 1)
[08/03/26 10:21:31.785091] [debug] [00:03:44.917039] [ControlManager] Control finished: {"type":"RobotCommand","control":{"type":"ComponentBasedCommand","components":{"mobility":null,"body":{"type":"BodyCommand","control":{"type":"JointPositionCommand","control":{"type":"JointPositionControl"}}},"head":{"type":"HeadCommand","control":{"type":"JointPositionCommand","control":{"type":"JointPositionControl"}}}}}}
[08/03/26 10:21:31.785146] [info] [00:03:44.917097] [ControlInterface] Control completed successfully.
[08/03/26 10:21:31.785155] [debug] [00:03:44.917105] [ControlInterface::ExecutionStats] Average Control Time: 0.001 ms (max: 0.027 ms, min: 0.001 ms, sigma: 0.001 ms, count: 880)
[08/03/26 10:21:31.785564] [debug] [00:03:44.917516] [Service] Server method called: /rb.api.PowerService/ToolFlangePowerCommand
[08/03/26 10:21:31.785594] [debug] [00:03:44.917549] [Service::PowerService::ToolFlangePowerCommand] Requested: request_header { request_timestamp { seconds: 1785720037 nanos: 60928366 } } name: "right" command: COMMAND_POWER_12V
[08/03/26 10:21:31.785601] [debug] [00:03:44.917557] [Service::PowerService::ToolFlangePowerCommand] Result: Success
[08/03/26 10:21:31.785804] [debug] [00:03:44.917757] [Service] Server method called: /rb.api.PowerService/ToolFlangePowerCommand
[08/03/26 10:21:31.785817] [debug] [00:03:44.917772] [Service::PowerService::ToolFlangePowerCommand] Requested: request_header { request_timestamp { seconds: 1785720037 nanos: 61265316 } } name: "left" command: COMMAND_POWER_12V
[08/03/26 10:21:31.785821] [debug] [00:03:44.917777] [Service::PowerService::ToolFlangePowerCommand] Result: Success
[08/03/26 10:21:32.908823] [debug] [00:03:46.040768] [Service] Server method called: /rb.api.RobotCommandService/RobotCommand
[08/03/26 10:21:32.908891] [debug] [00:03:46.040843] [Service::RobotCommandService::RobotCommand] Requested: robot_command { component_based_command { body_command { joint_position_command { command_header { control_hold_time { seconds: 1 } } minimum_time { seconds: 4 } position: 0 position: 0.78539816339744828 position: -1.3962634015954636 position: 0.78539816339744828 position: 0 position: 0 position: 0 position: -0.26179938779914941 position: 0 position: -2.0943951023931953 position: 0 position: 0.52359877559829882 position: 0 position: 0 position: 0... [truncated]
[08/03/26 10:21:32.908894] [debug] [00:03:46.040850] [Service::RobotCommandService::RobotCommand]   Peer: ipv4:192.168.30.230:58506
[08/03/26 10:21:32.909067] [debug] [00:03:46.041022] [Service::RobotCommandService::RobotCommand]   IP: 192.168.30.230, Family: ipv4
[08/03/26 10:21:32.915076] [info] [00:03:46.047028] [ControlManager] Control started: {"type":"RobotCommand","control":{"type":"ComponentBasedCommand","components":{"mobility":null,"body":{"type":"BodyCommand","control":{"type":"JointPositionCommand","control":{"type":"JointPositionControl"}}},"head":{"type":"HeadCommand","control":{"type":"JointPositionCommand","control":{"type":"JointPositionControl"}}}}}} (priority: 1)
[08/03/26 10:21:38.173093] [debug] [00:03:51.305039] [ControlManager] Control finished: {"type":"RobotCommand","control":{"type":"ComponentBasedCommand","components":{"mobility":null,"body":{"type":"BodyCommand","control":{"type":"JointPositionCommand","control":{"type":"JointPositionControl"}}},"head":{"type":"HeadCommand","control":{"type":"JointPositionCommand","control":{"type":"JointPositionControl"}}}}}}
[08/03/26 10:21:38.173148] [info] [00:03:51.305099] [ControlInterface] Control completed successfully.
[08/03/26 10:21:38.173157] [debug] [00:03:51.305108] [ControlInterface::ExecutionStats] Average Control Time: 0.001 ms (max: 0.019 ms, min: 0.001 ms, sigma: 0.000 ms, count: 2630)
[08/03/26 10:21:38.173838] [debug] [00:03:51.305789] [Service] Server method called: /rb.api.RobotCommandService/RobotCommandStream
[08/03/26 10:21:38.173875] [debug] [00:03:51.305829] [Service::RobotCommandService::RobotCommandStream] Stream is created
[08/03/26 10:21:38.195516] [debug] [00:03:51.327466] [Service::RobotCommandService::RobotCommandStream] Requested: robot_command { component_based_command { mobility_command { se2_velocity_command { command_header { control_hold_time { seconds: 1 } } minimum_time { nanos: 10100000 } velocity { linear { } } acceleration_limit { linear { x: 1 y: 1 } angular: 1 } } } body_command { joint_impedance_control_command { command_header { control_hold_time { seconds: 1 } } minimum_time { nanos: 10100000 } position: -0.00017746165603286002 position: 0.78480531572124934 ... [truncated]
[08/03/26 10:21:38.195524] [debug] [00:03:51.327479] [Service::RobotCommandService::RobotCommandStream]   Peer: ipv4:192.168.30.230:58506
[08/03/26 10:21:38.195724] [debug] [00:03:51.327678] [Service::RobotCommandService::RobotCommandStream]   IP: 192.168.30.230, Family: ipv4
[08/03/26 10:21:38.201077] [info] [00:03:51.333031] [ControlManager] Control started: {"type":"RobotCommand","control":{"type":"ComponentBasedCommand","components":{"mobility":{"type":"MobilityCommand","control":{"type":"SE2VelocityCommand","control":{"type":"MobilitySE2VelocityControl"}}},"body":{"type":"BodyCommand","control":{"type":"JointImpedanceControlCommand","control":{"type":"JointImpedanceControl"}}},"head":{"type":"HeadCommand","control":{"type":"JointPositionCommand","control":{"type":"JointPositionControl"}}}}}} (priority: 1)
[08/03/26 10:21:44.871556] [debug] [00:03:58.003466] [Service] Server method called: /rb.api.RobotCommandService/RobotCommand
[08/03/26 10:21:44.871591] [debug] [00:03:58.003545] [Service::RobotCommandService::RobotCommand] Requested: robot_command { whole_body_command { stop_command { } } } priority: 99
[08/03/26 10:21:44.871594] [debug] [00:03:58.003550] [Service::RobotCommandService::RobotCommand]   Peer: ipv4:192.168.30.230:58506
[08/03/26 10:21:44.871777] [debug] [00:03:58.003731] [Service::RobotCommandService::RobotCommand]   IP: 192.168.30.230, Family: ipv4
[08/03/26 10:21:44.975224] [debug] [00:03:58.107172] [ControlManager] Control finished: {"type":"RobotCommand","control":{"type":"ComponentBasedCommand","components":{"mobility":{"type":"MobilityCommand","control":{"type":"SE2VelocityCommand","control":{"type":"MobilitySE2VelocityControl"}}},"body":{"type":"BodyCommand","control":{"type":"JointImpedanceControlCommand","control":{"type":"JointImpedanceControl"}}},"head":{"type":"HeadCommand","control":{"type":"JointPositionCommand","control":{"type":"JointPositionControl"}}}}}}
[08/03/26 10:21:44.975329] [debug] [00:03:58.107277] [Service::RobotCommandService::RobotCommandStream] OnReadDone (write_done: true, read_done: true)
[08/03/26 10:21:44.975346] [debug] [00:03:58.107297] [Service::RobotCommandService::RobotCommandStream] OnCancel
[08/03/26 10:21:44.975392] [info] [00:03:58.107342] [ControlInterface] Control was preempted or canceled by another request.
[08/03/26 10:21:44.975403] [debug] [00:03:58.107352] [ControlInterface::ExecutionStats] Average Control Time: 0.120 ms (max: 0.203 ms, min: 0.111 ms, sigma: 0.005 ms, count: 3388)
[08/03/26 10:21:44.975468] [debug] [00:03:58.107422] [Service::RobotCommandService::RobotCommandStream] OnDone: robot_command { component_based_command { mobility_command { se2_velocity_command { command_header { control_hold_time { seconds: 1 } } minimum_time { nanos: 10100000 } velocity { linear { } } acceleration_limit { linear { x: 1 y: 1 } angular: 1 } } } body_command { joint_impedance_control_command { command_header { control_hold_time { seconds: 1 } } minimum_time { nanos: 10100000 } position: -0.0072140042108532051 position: 0.86710804610637271 p... [truncated]
[08/03/26 10:21:44.977062] [info] [00:03:58.109017] [ControlManager] Control started: {"type":"RobotCommand","control":{"type":"WholeBodyCommand","control":{"type":"StopControl","control":{"type":"JointVelocityControl"}}}} (priority: 99)
[08/03/26 10:21:44.977081] [debug] [00:03:58.109038] [ControlManager] Control finished: {"type":"RobotCommand","control":{"type":"WholeBodyCommand","control":{"type":"StopControl","control":{"type":"JointVelocityControl"}}}}
[08/03/26 10:21:44.977110] [info] [00:03:58.109066] [ControlInterface] Control completed successfully.
[08/03/26 10:21:44.977112] [debug] [00:03:58.109068] [ControlInterface::ExecutionStats] Average Control Time: 0.005 ms (max: 0.005 ms, min: 0.005 ms, sigma: 0.000 ms, count: 1)
[08/03/26 10:21:44.977614] [debug] [00:03:58.109566] [Service] Server method called: /rb.api.ControlManagerService/ControlManagerCommand
[08/03/26 10:21:44.977636] [debug] [00:03:58.109590] [Service::ControlManagerService::ControlManagerCommand] Requested: request_header { request_timestamp { seconds: 1785720050 nanos: 253690530 } } command: COMMAND_DISABLE
[08/03/26 10:21:44.977639] [info] [00:03:58.109595] [ControlManager::Disable] Disable request received. Starting the disabling process...
[08/03/26 10:21:44.979063] [info] [00:03:58.111019] [ControlManager::Disable] Control Manager successfully disabled
[08/03/26 10:21:47.979619] [debug] [00:04:01.111561] [Service] Server method called: /rb.api.RobotInfoService/GetRobotInfo
[08/03/26 10:21:47.979654] [debug] [00:04:01.111609] [Service::RobotInfoService::GetRobotInfo] Requested: request_header { request_timestamp { seconds: 1785720053 nanos: 255765311 } }
[08/03/26 10:21:47.980454] [debug] [00:04:01.112401] [Service] Server method called: /rb.api.RobotStateService/GetRobotState
[08/03/26 10:21:47.980476] [debug] [00:04:01.112431] [Service::RobotStateService::GetRobotState] Requested: request_header { request_timestamp { seconds: 1785720053 nanos: 256664827 } }
[08/03/26 10:21:47.981026] [debug] [00:04:01.112978] [Service] Server method called: /rb.api.RobotInfoService/GetRobotInfo
[08/03/26 10:21:47.981043] [debug] [00:04:01.112998] [Service::RobotInfoService::GetRobotInfo] Requested: request_header { request_timestamp { seconds: 1785720053 nanos: 257300362 } }
[08/03/26 10:21:47.981945] [debug] [00:04:01.113898] [Service] Server method called: /rb.api.RobotStateService/GetRobotState
[08/03/26 10:21:47.981960] [debug] [00:04:01.113915] [Service::RobotStateService::GetRobotState] Requested: request_header { request_timestamp { seconds: 1785720053 nanos: 258173649 } }
[08/03/26 10:21:47.982804] [debug] [00:04:01.114753] [Service] Server method called: /rb.api.RobotStateService/GetControlManagerState
[08/03/26 10:21:47.982826] [debug] [00:04:01.114782] [Service::RobotStateService::GetControlManagerState] Requested: request_header { request_timestamp { seconds: 1785720053 nanos: 259033520 } }
[08/03/26 10:21:47.983315] [debug] [00:04:01.115268] [Service] Server method called: /rb.api.RobotInfoService/GetRobotInfo
[08/03/26 10:21:47.983333] [debug] [00:04:01.115288] [Service::RobotInfoService::GetRobotInfo] Requested: request_header { request_timestamp { seconds: 1785720053 nanos: 259562988 } }
[08/03/26 10:21:47.983888] [debug] [00:04:01.115842] [Service] Server method called: /rb.api.RobotStateService/GetRobotState
[08/03/26 10:21:47.983901] [debug] [00:04:01.115856] [Service::RobotStateService::GetRobotState] Requested: request_header { request_timestamp { seconds: 1785720053 nanos: 260167550 } }
[08/03/26 10:21:47.984501] [debug] [00:04:01.116454] [Service] Server method called: /rb.api.RobotStateService/GetRobotState
[08/03/26 10:21:47.984514] [debug] [00:04:01.116469] [Service::RobotStateService::GetRobotState] Requested: request_header { request_timestamp { seconds: 1785720053 nanos: 260797210 } }
[08/03/26 10:21:47.985090] [debug] [00:04:01.117043] [Service] Server method called: /rb.api.RobotInfoService/GetRobotInfo
[08/03/26 10:21:47.985105] [debug] [00:04:01.117060] [Service::RobotInfoService::GetRobotInfo] Requested: request_header { request_timestamp { seconds: 1785720053 nanos: 261386836 } }
[08/03/26 10:21:47.985789] [debug] [00:04:01.117743] [Service] Server method called: /rb.api.ControlManagerService/ControlManagerCommand
[08/03/26 10:21:47.985807] [debug] [00:04:01.117762] [Service::ControlManagerService::ControlManagerCommand] Requested: request_header { request_timestamp { seconds: 1785720053 nanos: 262080992 } } command: COMMAND_ENABLE unlimited_mode_enabled { }
[08/03/26 10:21:47.985811] [info] [00:04:01.117767] [ControlManager::Enable] Enable request received. Starting the enabling process...
[08/03/26 10:21:47.987059] [info] [00:04:01.119015] [ControlManager::Enable] Control Manager successfully enabled
[08/03/26 10:21:47.987601] [debug] [00:04:01.119555] [Service] Server method called: /rb.api.ParameterService/SetParameter
[08/03/26 10:21:47.987619] [debug] [00:04:01.119574] [Service::ParameterService::SetParameter] Requested: request_header { request_timestamp { seconds: 1785720053 nanos: 263898667 } } name: "cartesian_command.cutoff_frequency" parameter: "{\"value\":5,\"write_db\":true}"
[08/03/26 10:21:47.997872] [debug] [00:04:01.129823] [Service] Server method called: /rb.api.ParameterService/SetParameter
[08/03/26 10:21:47.997916] [debug] [00:04:01.129870] [Service::ParameterService::SetParameter] Requested: request_header { request_timestamp { seconds: 1785720053 nanos: 274151006 } } name: "default.acceleration_limit_scaling" parameter: "{\"value\":1.0,\"write_db\":true}"
[08/03/26 10:21:48.003868] [debug] [00:04:01.135820] [Service] Server method called: /rb.api.ParameterService/SetParameter
[08/03/26 10:21:48.003886] [debug] [00:04:01.135841] [Service::ParameterService::SetParameter] Requested: request_header { request_timestamp { seconds: 1785720053 nanos: 280140910 } } name: "default.angular_acceleration_limit" parameter: "{\"value\":10,\"write_db\":true}"
[08/03/26 10:21:48.010158] [debug] [00:04:01.142109] [Service] Server method called: /rb.api.ParameterService/SetParameter
[08/03/26 10:21:48.010175] [debug] [00:04:01.142130] [Service::ParameterService::SetParameter] Requested: request_header { request_timestamp { seconds: 1785720053 nanos: 286448153 } } name: "default.linear_acceleration_limit" parameter: "{\"value\":20,\"write_db\":true}"
[08/03/26 10:21:48.016277] [debug] [00:04:01.148229] [Service] Server method called: /rb.api.ParameterService/SetParameter
[08/03/26 10:21:48.016302] [debug] [00:04:01.148248] [Service::ParameterService::SetParameter] Requested: request_header { request_timestamp { seconds: 1785720053 nanos: 292576394 } } name: "joint_position_command.cutoff_frequency" parameter: "{\"value\":5,\"write_db\":true}"
[08/03/26 10:21:48.022009] [debug] [00:04:01.153962] [Service] Server method called: /rb.api.RobotCommandService/RobotCommand
[08/03/26 10:21:48.022080] [debug] [00:04:01.154034] [Service::RobotCommandService::RobotCommand] Requested: robot_command { component_based_command { body_command { joint_position_command { command_header { control_hold_time { seconds: 1 } } minimum_time { nanos: 500000000 } position: -0.0032274348259970177 position: 1.0849458820536022 position: -1.5128050184449526 position: 0.77766750774364846 position: 0.00028097667896915212 position: 4.1766803630549638e-05 position: -0.02177569262010929 position: -0.26115263517323395 position: -0.000584735250827695 ... [truncated]
[08/03/26 10:21:48.022082] [debug] [00:04:01.154039] [Service::RobotCommandService::RobotCommand]   Peer: ipv4:192.168.30.230:58506
[08/03/26 10:21:48.022219] [debug] [00:04:01.154175] [Service::RobotCommandService::RobotCommand]   IP: 192.168.30.230, Family: ipv4
[08/03/26 10:21:48.027077] [info] [00:04:01.159031] [ControlManager] Control started: {"type":"RobotCommand","control":{"type":"ComponentBasedCommand","components":{"mobility":null,"body":{"type":"BodyCommand","control":{"type":"JointPositionCommand","control":{"type":"JointPositionControl"}}},"head":{"type":"HeadCommand","control":{"type":"JointPositionCommand","control":{"type":"JointPositionControl"}}}}}} (priority: 1)
[08/03/26 10:21:49.785091] [debug] [00:04:02.917040] [ControlManager] Control finished: {"type":"RobotCommand","control":{"type":"ComponentBasedCommand","components":{"mobility":null,"body":{"type":"BodyCommand","control":{"type":"JointPositionCommand","control":{"type":"JointPositionControl"}}},"head":{"type":"HeadCommand","control":{"type":"JointPositionCommand","control":{"type":"JointPositionControl"}}}}}}
[08/03/26 10:21:49.785147] [info] [00:04:02.917099] [ControlInterface] Control completed successfully.
[08/03/26 10:21:49.785155] [debug] [00:04:02.917106] [ControlInterface::ExecutionStats] Average Control Time: 0.001 ms (max: 0.026 ms, min: 0.001 ms, sigma: 0.001 ms, count: 880)
[08/03/26 10:21:49.785632] [debug] [00:04:02.917584] [Service] Server method called: /rb.api.PowerService/ToolFlangePowerCommand
[08/03/26 10:21:49.785690] [debug] [00:04:02.917644] [Service::PowerService::ToolFlangePowerCommand] Requested: request_header { request_timestamp { seconds: 1785720055 nanos: 61954904 } } name: "right" command: COMMAND_POWER_12V
[08/03/26 10:21:49.785695] [debug] [00:04:02.917651] [Service::PowerService::ToolFlangePowerCommand] Result: Success
[08/03/26 10:21:49.786201] [debug] [00:04:02.918151] [Service] Server method called: /rb.api.PowerService/ToolFlangePowerCommand
[08/03/26 10:21:49.786223] [debug] [00:04:02.918178] [Service::PowerService::ToolFlangePowerCommand] Requested: request_header { request_timestamp { seconds: 1785720055 nanos: 62569300 } } name: "left" command: COMMAND_POWER_12V
[08/03/26 10:21:49.786227] [debug] [00:04:02.918184] [Service::PowerService::ToolFlangePowerCommand] Result: Success
[08/03/26 10:21:50.931553] [debug] [00:04:04.063498] [Service] Server method called: /rb.api.RobotCommandService/RobotCommand
[08/03/26 10:21:50.931622] [debug] [00:04:04.063575] [Service::RobotCommandService::RobotCommand] Requested: robot_command { component_based_command { body_command { joint_position_command { command_header { control_hold_time { seconds: 1 } } minimum_time { seconds: 4 } position: 0 position: 0.78539816339744828 position: -1.3962634015954636 position: 0.78539816339744828 position: 0 position: 0 position: 0 position: -0.26179938779914941 position: 0 position: -2.0943951023931953 position: 0 position: 0.52359877559829882 position: 0 position: 0 position: 0... [truncated]
[08/03/26 10:21:50.931625] [debug] [00:04:04.063581] [Service::RobotCommandService::RobotCommand]   Peer: ipv4:192.168.30.230:58506
[08/03/26 10:21:50.931778] [debug] [00:04:04.063733] [Service::RobotCommandService::RobotCommand]   IP: 192.168.30.230, Family: ipv4
[08/03/26 10:21:50.937077] [info] [00:04:04.069029] [ControlManager] Control started: {"type":"RobotCommand","control":{"type":"ComponentBasedCommand","components":{"mobility":null,"body":{"type":"BodyCommand","control":{"type":"JointPositionCommand","control":{"type":"JointPositionControl"}}},"head":{"type":"HeadCommand","control":{"type":"JointPositionCommand","control":{"type":"JointPositionControl"}}}}}} (priority: 1)
[08/03/26 10:21:55.862060] [debug] [00:04:08.994002] [Hardware] Hardware Loop Stat (avg: 2.000 ms, min: 1.998 ms, max: 2.002 ms, count: 15000)
[08/03/26 10:21:55.885051] [debug] [00:04:09.017003] [ControlManager] Control Manager Loop Stat (avg: 2.000 ms, min: 1.996 ms, max: 2.003 ms, count: 15000)
[08/03/26 10:21:56.195086] [debug] [00:04:09.327040] [ControlManager] Control finished: {"type":"RobotCommand","control":{"type":"ComponentBasedCommand","components":{"mobility":null,"body":{"type":"BodyCommand","control":{"type":"JointPositionCommand","control":{"type":"JointPositionControl"}}},"head":{"type":"HeadCommand","control":{"type":"JointPositionCommand","control":{"type":"JointPositionControl"}}}}}}
[08/03/26 10:21:56.195140] [info] [00:04:09.327091] [ControlInterface] Control completed successfully.
[08/03/26 10:21:56.195147] [debug] [00:04:09.327100] [ControlInterface::ExecutionStats] Average Control Time: 0.001 ms (max: 0.022 ms, min: 0.001 ms, sigma: 0.000 ms, count: 2630)
[08/03/26 10:21:56.195797] [debug] [00:04:09.327749] [Service] Server method called: /rb.api.RobotCommandService/RobotCommandStream
[08/03/26 10:21:56.195809] [debug] [00:04:09.327764] [Service::RobotCommandService::RobotCommandStream] Stream is created
[08/03/26 10:21:56.227355] [debug] [00:04:09.359305] [Service::RobotCommandService::RobotCommandStream] Requested: robot_command { component_based_command { mobility_command { se2_velocity_command { command_header { control_hold_time { seconds: 1 } } minimum_time { nanos: 10100000 } velocity { linear { } } acceleration_limit { linear { x: 1 y: 1 } angular: 1 } } } body_command { joint_impedance_control_command { command_header { control_hold_time { seconds: 1 } } minimum_time { nanos: 10100000 } position: -0.00012872836236004485 position: 0.784963067496149 po... [truncated]
[08/03/26 10:21:56.227363] [debug] [00:04:09.359318] [Service::RobotCommandService::RobotCommandStream]   Peer: ipv4:192.168.30.230:58506
[08/03/26 10:21:56.227518] [debug] [00:04:09.359473] [Service::RobotCommandService::RobotCommandStream]   IP: 192.168.30.230, Family: ipv4
[08/03/26 10:21:56.233075] [info] [00:04:09.365029] [ControlManager] Control started: {"type":"RobotCommand","control":{"type":"ComponentBasedCommand","components":{"mobility":{"type":"MobilityCommand","control":{"type":"SE2VelocityCommand","control":{"type":"MobilitySE2VelocityControl"}}},"body":{"type":"BodyCommand","control":{"type":"JointImpedanceControlCommand","control":{"type":"JointImpedanceControl"}}},"head":{"type":"HeadCommand","control":{"type":"JointPositionCommand","control":{"type":"JointPositionControl"}}}}}} (priority: 1)
[08/03/26 10:22:06.231198] [debug] [00:04:19.363138] [ControlInterface::ExecutionStats] Average Control Time: 0.121 ms (max: 0.194 ms, min: 0.111 ms, sigma: 0.005 ms, count: 5000)
[08/03/26 10:22:14.752546] [debug] [00:04:27.884488] [Service] Server method called: /rb.api.RobotCommandService/RobotCommand
[08/03/26 10:22:14.752594] [debug] [00:04:27.884547] [Service::RobotCommandService::RobotCommand] Requested: robot_command { whole_body_command { stop_command { } } } priority: 10
[08/03/26 10:22:14.752598] [debug] [00:04:27.884554] [Service::RobotCommandService::RobotCommand]   Peer: ipv4:192.168.30.230:58506
[08/03/26 10:22:14.752753] [debug] [00:04:27.884708] [Service::RobotCommandService::RobotCommand]   IP: 192.168.30.230, Family: ipv4
[08/03/26 10:22:14.755208] [info] [00:04:27.887161] [ControlManager::CancelControl] Control cancel request received
[08/03/26 10:22:14.755638] [debug] [00:04:27.887587] [Service::RobotCommandService::RobotCommandStream] OnReadDone (write_done: true, read_done: true)
[08/03/26 10:22:14.755648] [debug] [00:04:27.887599] [Service::RobotCommandService::RobotCommandStream] OnCancel
[08/03/26 10:22:14.755803] [debug] [00:04:27.887754] [Service::RobotCommandService::RobotCommandStream] OnDone: robot_command { component_based_command { mobility_command { se2_velocity_command { command_header { control_hold_time { seconds: 1 } } minimum_time { nanos: 10100000 } velocity { linear { } } acceleration_limit { linear { x: 1 y: 1 } angular: 1 } } } body_command { joint_impedance_control_command { command_header { control_hold_time { seconds: 1 } } minimum_time { nanos: 10100000 } position: 0.038642682604860853 position: 1.0533894166458821 posi... [truncated]
[08/03/26 10:22:14.755807] [info] [00:04:27.887763] [ControlManager::CancelControl] Control cancel request received
[08/03/26 10:22:14.757191] [warning] [00:04:27.889143] [ControlManager::CancelControl] Target control is not currently running
[08/03/26 10:22:14.757199] [debug] [00:04:27.889155] [ControlManager::CancelControl] Cancelling control
[08/03/26 10:22:14.757204] [error] [00:04:27.889157] [ControlManager::CancelControl] Failed to start control canceling process
[08/03/26 10:22:14.757206] [info] [00:04:27.889162] [Service::RobotCommandService::RobotCommand] Control canceled
[08/03/26 10:22:14.757207] [info] [00:04:27.889162] [ControlManager::CancelControl] Control canceling process is successfully starting...
[08/03/26 10:22:14.855222] [debug] [00:04:27.987176] [ControlManager] Control finished: {"type":"RobotCommand","control":{"type":"ComponentBasedCommand","components":{"mobility":{"type":"MobilityCommand","control":{"type":"SE2VelocityCommand","control":{"type":"MobilitySE2VelocityControl"}}},"body":{"type":"BodyCommand","control":{"type":"JointImpedanceControlCommand","control":{"type":"JointImpedanceControl"}}},"head":{"type":"HeadCommand","control":{"type":"JointPositionCommand","control":{"type":"JointPositionControl"}}}}}}
[08/03/26 10:22:14.855279] [info] [00:04:27.987229] [ControlInterface] Control was preempted or canceled by another request.
[08/03/26 10:22:14.855289] [debug] [00:04:27.987239] [ControlInterface::ExecutionStats] Average Control Time: 0.121 ms (max: 0.139 ms, min: 0.111 ms, sigma: 0.005 ms, count: 4312)
[08/03/26 10:22:14.857062] [info] [00:04:27.989016] [ControlManager] Control started: {"type":"RobotCommand","control":{"type":"WholeBodyCommand","control":{"type":"StopControl","control":{"type":"JointVelocityControl"}}}} (priority: 10)
[08/03/26 10:22:14.857081] [debug] [00:04:27.989038] [ControlManager] Control finished: {"type":"RobotCommand","control":{"type":"WholeBodyCommand","control":{"type":"StopControl","control":{"type":"JointVelocityControl"}}}}
[08/03/26 10:22:14.857114] [info] [00:04:27.989067] [ControlInterface] Control completed successfully.
[08/03/26 10:22:14.857122] [debug] [00:04:27.989073] [ControlInterface::ExecutionStats] Average Control Time: 0.006 ms (max: 0.006 ms, min: 0.006 ms, sigma: 0.000 ms, count: 1)
[08/03/26 10:22:25.862061] [debug] [00:04:38.994003] [Hardware] Hardware Loop Stat (avg: 2.000 ms, min: 1.999 ms, max: 2.001 ms, count: 15000)
[08/03/26 10:22:25.885051] [debug] [00:04:39.017002] [ControlManager] Control Manager Loop Stat (avg: 2.000 ms, min: 1.996 ms, max: 2.003 ms, count: 15000)
[08/03/26 10:22:40.415555] [debug] [00:04:53.547501] [Service] Server method called: /rb.api.RobotInfoService/GetRobotInfo
[08/03/26 10:22:40.415588] [debug] [00:04:53.547543] [Service::RobotInfoService::GetRobotInfo] Requested: request_header { request_timestamp { seconds: 1785720105 nanos: 694103802 } }
[08/03/26 10:22:40.416217] [debug] [00:04:53.548166] [Service] Server method called: /rb.api.RobotStateService/GetRobotState
[08/03/26 10:22:40.416241] [debug] [00:04:53.548197] [Service::RobotStateService::GetRobotState] Requested: request_header { request_timestamp { seconds: 1785720105 nanos: 694836783 } }
[08/03/26 10:22:40.416795] [debug] [00:04:53.548747] [Service] Server method called: /rb.api.RobotInfoService/GetRobotInfo
[08/03/26 10:22:40.416811] [debug] [00:04:53.548766] [Service::RobotInfoService::GetRobotInfo] Requested: request_header { request_timestamp { seconds: 1785720105 nanos: 695416067 } }
[08/03/26 10:22:40.417376] [debug] [00:04:53.549331] [Service] Server method called: /rb.api.RobotStateService/GetRobotState
[08/03/26 10:22:40.417387] [debug] [00:04:53.549343] [Service::RobotStateService::GetRobotState] Requested: request_header { request_timestamp { seconds: 1785720105 nanos: 696070374 } }
[08/03/26 10:22:40.417926] [debug] [00:04:53.549879] [Service] Server method called: /rb.api.RobotStateService/GetControlManagerState
[08/03/26 10:22:40.417940] [debug] [00:04:53.549895] [Service::RobotStateService::GetControlManagerState] Requested: request_header { request_timestamp { seconds: 1785720105 nanos: 696583506 } }
[08/03/26 10:22:40.418183] [debug] [00:04:53.550139] [Service] Server method called: /rb.api.RobotCommandService/RobotCommand
[08/03/26 10:22:40.418196] [debug] [00:04:53.550153] [Service::RobotCommandService::RobotCommand] Requested: robot_command { whole_body_command { stop_command { } } } priority: 99
[08/03/26 10:22:40.418198] [debug] [00:04:53.550155] [Service::RobotCommandService::RobotCommand]   Peer: ipv4:192.168.30.230:58506
[08/03/26 10:22:40.418352] [debug] [00:04:53.550307] [Service::RobotCommandService::RobotCommand]   IP: 192.168.30.230, Family: ipv4
[08/03/26 10:22:40.423068] [info] [00:04:53.555022] [ControlManager] Control started: {"type":"RobotCommand","control":{"type":"WholeBodyCommand","control":{"type":"StopControl","control":{"type":"JointVelocityControl"}}}} (priority: 99)
[08/03/26 10:22:40.423089] [debug] [00:04:53.555045] [ControlManager] Control finished: {"type":"RobotCommand","control":{"type":"WholeBodyCommand","control":{"type":"StopControl","control":{"type":"JointVelocityControl"}}}}
[08/03/26 10:22:40.423119] [info] [00:04:53.555074] [ControlInterface] Control completed successfully.
[08/03/26 10:22:40.423127] [debug] [00:04:53.555077] [ControlInterface::ExecutionStats] Average Control Time: 0.006 ms (max: 0.006 ms, min: 0.006 ms, sigma: 0.000 ms, count: 1)
[08/03/26 10:22:40.423574] [debug] [00:04:53.555526] [Service] Server method called: /rb.api.ControlManagerService/ControlManagerCommand
[08/03/26 10:22:40.423592] [debug] [00:04:53.555547] [Service::ControlManagerService::ControlManagerCommand] Requested: request_header { request_timestamp { seconds: 1785720105 nanos: 702197403 } } command: COMMAND_DISABLE
[08/03/26 10:22:40.423595] [info] [00:04:53.555551] [ControlManager::Disable] Disable request received. Starting the disabling process...
[08/03/26 10:22:40.425064] [info] [00:04:53.557018] [ControlManager::Disable] Control Manager successfully disabled
[08/03/26 10:22:40.425488] [debug] [00:04:53.557439] [Service] Server method called: /rb.api.RobotInfoService/GetRobotInfo
[08/03/26 10:22:40.425504] [debug] [00:04:53.557459] [Service::RobotInfoService::GetRobotInfo] Requested: request_header { request_timestamp { seconds: 1785720105 nanos: 704103903 } }
[08/03/26 10:22:40.426157] [debug] [00:04:53.558109] [Service] Server method called: /rb.api.RobotStateService/GetRobotState
[08/03/26 10:22:40.426173] [debug] [00:04:53.558128] [Service::RobotStateService::GetRobotState] Requested: request_header { request_timestamp { seconds: 1785720105 nanos: 704802893 } }
[08/03/26 10:22:40.426738] [debug] [00:04:53.558694] [Service] Server method called: /rb.api.RobotStateService/GetRobotState
[08/03/26 10:22:40.426748] [debug] [00:04:53.558704] [Service::RobotStateService::GetRobotState] Requested: request_header { request_timestamp { seconds: 1785720105 nanos: 705413768 } }
[08/03/26 10:22:40.427313] [debug] [00:04:53.559266] [Service] Server method called: /rb.api.RobotInfoService/GetRobotInfo
[08/03/26 10:22:40.427326] [debug] [00:04:53.559281] [Service::RobotInfoService::GetRobotInfo] Requested: request_header { request_timestamp { seconds: 1785720105 nanos: 705978290 } }
[08/03/26 10:22:40.427970] [debug] [00:04:53.559922] [Service] Server method called: /rb.api.ControlManagerService/ControlManagerCommand
[08/03/26 10:22:40.427988] [debug] [00:04:53.559943] [Service::ControlManagerService::ControlManagerCommand] Requested: request_header { request_timestamp { seconds: 1785720105 nanos: 706622126 } } command: COMMAND_ENABLE unlimited_mode_enabled { }
[08/03/26 10:22:40.427991] [info] [00:04:53.559947] [ControlManager::Enable] Enable request received. Starting the enabling process...
[08/03/26 10:22:40.429059] [info] [00:04:53.561014] [ControlManager::Enable] Control Manager successfully enabled
[08/03/26 10:22:40.429502] [debug] [00:04:53.561457] [Service] Server method called: /rb.api.ParameterService/SetParameter
[08/03/26 10:22:40.429515] [debug] [00:04:53.561471] [Service::ParameterService::SetParameter] Requested: request_header { request_timestamp { seconds: 1785720105 nanos: 708152358 } } name: "cartesian_command.cutoff_frequency" parameter: "{\"value\":5,\"write_db\":true}"
[08/03/26 10:22:40.441956] [debug] [00:04:53.573908] [Service] Server method called: /rb.api.ParameterService/SetParameter
[08/03/26 10:22:40.441974] [debug] [00:04:53.573929] [Service::ParameterService::SetParameter] Requested: request_header { request_timestamp { seconds: 1785720105 nanos: 720574275 } } name: "default.acceleration_limit_scaling" parameter: "{\"value\":1.0,\"write_db\":true}"
[08/03/26 10:22:40.449619] [debug] [00:04:53.581568] [Service] Server method called: /rb.api.ParameterService/SetParameter
[08/03/26 10:22:40.449677] [debug] [00:04:53.581630] [Service::ParameterService::SetParameter] Requested: request_header { request_timestamp { seconds: 1785720105 nanos: 728240322 } } name: "default.angular_acceleration_limit" parameter: "{\"value\":10,\"write_db\":true}"
[08/03/26 10:22:40.455698] [debug] [00:04:53.587650] [Service] Server method called: /rb.api.ParameterService/SetParameter
[08/03/26 10:22:40.455712] [debug] [00:04:53.587668] [Service::ParameterService::SetParameter] Requested: request_header { request_timestamp { seconds: 1785720105 nanos: 734345081 } } name: "default.linear_acceleration_limit" parameter: "{\"value\":20,\"write_db\":true}"
[08/03/26 10:22:40.461734] [debug] [00:04:53.593685] [Service] Server method called: /rb.api.ParameterService/SetParameter
[08/03/26 10:22:40.461750] [debug] [00:04:53.593705] [Service::ParameterService::SetParameter] Requested: request_header { request_timestamp { seconds: 1785720105 nanos: 740389010 } } name: "joint_position_command.cutoff_frequency" parameter: "{\"value\":5,\"write_db\":true}"
[08/03/26 10:22:40.468014] [debug] [00:04:53.599966] [Service] Server method called: /rb.api.RobotCommandService/RobotCommand
[08/03/26 10:22:40.468079] [debug] [00:04:53.600032] [Service::RobotCommandService::RobotCommand] Requested: robot_command { component_based_command { body_command { joint_position_command { command_header { control_hold_time { seconds: 1 } } minimum_time { nanos: 500000000 } position: 0.016471308559029483 position: 1.3846226981027958 position: -1.5690952787924888 position: 0.81308955420450268 position: 0.031021344151053686 position: 0.31937935641636839 position: -0.13119332718570464 position: -0.34788709838529264 position: -0.19750762040457279 position... [truncated]
[08/03/26 10:22:40.468082] [debug] [00:04:53.600038] [Service::RobotCommandService::RobotCommand]   Peer: ipv4:192.168.30.230:58506
[08/03/26 10:22:40.468230] [debug] [00:04:53.600185] [Service::RobotCommandService::RobotCommand]   IP: 192.168.30.230, Family: ipv4
[08/03/26 10:22:40.473076] [info] [00:04:53.605031] [ControlManager] Control started: {"type":"RobotCommand","control":{"type":"ComponentBasedCommand","components":{"mobility":null,"body":{"type":"BodyCommand","control":{"type":"JointPositionCommand","control":{"type":"JointPositionControl"}}},"head":{"type":"HeadCommand","control":{"type":"JointPositionCommand","control":{"type":"JointPositionControl"}}}}}} (priority: 1)
[08/03/26 10:22:42.231092] [debug] [00:04:55.363041] [ControlManager] Control finished: {"type":"RobotCommand","control":{"type":"ComponentBasedCommand","components":{"mobility":null,"body":{"type":"BodyCommand","control":{"type":"JointPositionCommand","control":{"type":"JointPositionControl"}}},"head":{"type":"HeadCommand","control":{"type":"JointPositionCommand","control":{"type":"JointPositionControl"}}}}}}
[08/03/26 10:22:42.231149] [info] [00:04:55.363100] [ControlInterface] Control completed successfully.
[08/03/26 10:22:42.231157] [debug] [00:04:55.363108] [ControlInterface::ExecutionStats] Average Control Time: 0.001 ms (max: 0.027 ms, min: 0.001 ms, sigma: 0.001 ms, count: 880)
[08/03/26 10:22:42.231750] [debug] [00:04:55.363700] [Service] Server method called: /rb.api.PowerService/ToolFlangePowerCommand
[08/03/26 10:22:42.231781] [debug] [00:04:55.363737] [Service::PowerService::ToolFlangePowerCommand] Requested: request_header { request_timestamp { seconds: 1785720107 nanos: 510385626 } } name: "right" command: COMMAND_POWER_12V
[08/03/26 10:22:42.231786] [debug] [00:04:55.363743] [Service::PowerService::ToolFlangePowerCommand] Result: Success
[08/03/26 10:22:42.232272] [debug] [00:04:55.364223] [Service] Server method called: /rb.api.PowerService/ToolFlangePowerCommand
[08/03/26 10:22:42.232291] [debug] [00:04:55.364245] [Service::PowerService::ToolFlangePowerCommand] Requested: request_header { request_timestamp { seconds: 1785720107 nanos: 510970156 } } name: "left" command: COMMAND_POWER_12V
[08/03/26 10:22:42.232295] [debug] [00:04:55.364251] [Service::PowerService::ToolFlangePowerCommand] Result: Success
[08/03/26 10:22:43.364251] [debug] [00:04:56.496196] [Service] Server method called: /rb.api.RobotCommandService/RobotCommand
[08/03/26 10:22:43.364321] [debug] [00:04:56.496272] [Service::RobotCommandService::RobotCommand] Requested: robot_command { component_based_command { body_command { joint_position_command { command_header { control_hold_time { seconds: 1 } } minimum_time { seconds: 4 } position: 0 position: 0.78539816339744828 position: -1.3962634015954636 position: 0.78539816339744828 position: 0 position: 0 position: 0 position: -0.26179938779914941 position: 0 position: -2.0943951023931953 position: 0 position: 0.52359877559829882 position: 0 position: 0 position: 0... [truncated]
[08/03/26 10:22:43.364324] [debug] [00:04:56.496280] [Service::RobotCommandService::RobotCommand]   Peer: ipv4:192.168.30.230:58506
[08/03/26 10:22:43.364485] [debug] [00:04:56.496440] [Service::RobotCommandService::RobotCommand]   IP: 192.168.30.230, Family: ipv4
[08/03/26 10:22:43.369080] [info] [00:04:56.501031] [ControlManager] Control started: {"type":"RobotCommand","control":{"type":"ComponentBasedCommand","components":{"mobility":null,"body":{"type":"BodyCommand","control":{"type":"JointPositionCommand","control":{"type":"JointPositionControl"}}},"head":{"type":"HeadCommand","control":{"type":"JointPositionCommand","control":{"type":"JointPositionControl"}}}}}} (priority: 1)
[08/03/26 10:22:48.627094] [debug] [00:05:01.759042] [ControlManager] Control finished: {"type":"RobotCommand","control":{"type":"ComponentBasedCommand","components":{"mobility":null,"body":{"type":"BodyCommand","control":{"type":"JointPositionCommand","control":{"type":"JointPositionControl"}}},"head":{"type":"HeadCommand","control":{"type":"JointPositionCommand","control":{"type":"JointPositionControl"}}}}}}
[08/03/26 10:22:48.627150] [info] [00:05:01.759100] [ControlInterface] Control completed successfully.
[08/03/26 10:22:48.627159] [debug] [00:05:01.759109] [ControlInterface::ExecutionStats] Average Control Time: 0.001 ms (max: 0.021 ms, min: 0.001 ms, sigma: 0.000 ms, count: 2630)
[08/03/26 10:22:48.627869] [debug] [00:05:01.759819] [Service] Server method called: /rb.api.RobotCommandService/RobotCommandStream
[08/03/26 10:22:48.627881] [debug] [00:05:01.759836] [Service::RobotCommandService::RobotCommandStream] Stream is created
[08/03/26 10:22:48.659930] [debug] [00:05:01.791880] [Service::RobotCommandService::RobotCommandStream] Requested: robot_command { component_based_command { mobility_command { se2_velocity_command { command_header { control_hold_time { seconds: 1 } } minimum_time { nanos: 10100000 } velocity { linear { } } acceleration_limit { linear { x: 1 y: 1 } angular: 1 } } } body_command { joint_impedance_control_command { command_header { control_hold_time { seconds: 1 } } minimum_time { nanos: 10100000 } position: -0.00015858061322957421 position: 0.78475570786598492 ... [truncated]
[08/03/26 10:22:48.659937] [debug] [00:05:01.791892] [Service::RobotCommandService::RobotCommandStream]   Peer: ipv4:192.168.30.230:58506
[08/03/26 10:22:48.660083] [debug] [00:05:01.792038] [Service::RobotCommandService::RobotCommandStream]   IP: 192.168.30.230, Family: ipv4
[08/03/26 10:22:48.665076] [info] [00:05:01.797030] [ControlManager] Control started: {"type":"RobotCommand","control":{"type":"ComponentBasedCommand","components":{"mobility":{"type":"MobilityCommand","control":{"type":"SE2VelocityCommand","control":{"type":"MobilitySE2VelocityControl"}}},"body":{"type":"BodyCommand","control":{"type":"JointImpedanceControlCommand","control":{"type":"JointImpedanceControl"}}},"head":{"type":"HeadCommand","control":{"type":"JointPositionCommand","control":{"type":"JointPositionControl"}}}}}} (priority: 1)
[08/03/26 10:22:54.712728] [debug] [00:05:07.844669] [Service] Server method called: /rb.api.RobotCommandService/RobotCommand
[08/03/26 10:22:54.712763] [debug] [00:05:07.844717] [Service::RobotCommandService::RobotCommand] Requested: robot_command { whole_body_command { stop_command { } } } priority: 99
[08/03/26 10:22:54.712767] [debug] [00:05:07.844723] [Service::RobotCommandService::RobotCommand]   Peer: ipv4:192.168.30.230:58506
[08/03/26 10:22:54.712946] [debug] [00:05:07.844900] [Service::RobotCommandService::RobotCommand]   IP: 192.168.30.230, Family: ipv4
[08/03/26 10:22:54.815223] [debug] [00:05:07.947172] [ControlManager] Control finished: {"type":"RobotCommand","control":{"type":"ComponentBasedCommand","components":{"mobility":{"type":"MobilityCommand","control":{"type":"SE2VelocityCommand","control":{"type":"MobilitySE2VelocityControl"}}},"body":{"type":"BodyCommand","control":{"type":"JointImpedanceControlCommand","control":{"type":"JointImpedanceControl"}}},"head":{"type":"HeadCommand","control":{"type":"JointPositionCommand","control":{"type":"JointPositionControl"}}}}}}
[08/03/26 10:22:54.815360] [debug] [00:05:07.947309] [Service::RobotCommandService::RobotCommandStream] OnReadDone (write_done: true, read_done: true)
[08/03/26 10:22:54.815377] [debug] [00:05:07.947328] [Service::RobotCommandService::RobotCommandStream] OnCancel
[08/03/26 10:22:54.815459] [info] [00:05:07.947410] [ControlInterface] Control was preempted or canceled by another request.
[08/03/26 10:22:54.815469] [debug] [00:05:07.947419] [ControlInterface::ExecutionStats] Average Control Time: 0.120 ms (max: 0.206 ms, min: 0.110 ms, sigma: 0.005 ms, count: 3076)
[08/03/26 10:22:54.815516] [debug] [00:05:07.947469] [Service::RobotCommandService::RobotCommandStream] OnDone: robot_command { component_based_command { mobility_command { se2_velocity_command { command_header { control_hold_time { seconds: 1 } } minimum_time { nanos: 10100000 } velocity { linear { } } acceleration_limit { linear { x: 1 y: 1 } angular: 1 } } } body_command { joint_impedance_control_command { command_header { control_hold_time { seconds: 1 } } minimum_time { nanos: 10100000 } position: 0.005302078855314224 position: 0.86811549078641648 pos... [truncated]
[08/03/26 10:22:54.817062] [info] [00:05:07.949017] [ControlManager] Control started: {"type":"RobotCommand","control":{"type":"WholeBodyCommand","control":{"type":"StopControl","control":{"type":"JointVelocityControl"}}}} (priority: 99)
[08/03/26 10:22:54.817083] [debug] [00:05:07.949039] [ControlManager] Control finished: {"type":"RobotCommand","control":{"type":"WholeBodyCommand","control":{"type":"StopControl","control":{"type":"JointVelocityControl"}}}}
[08/03/26 10:22:54.817115] [info] [00:05:07.949068] [ControlInterface] Control completed successfully.
[08/03/26 10:22:54.817118] [debug] [00:05:07.949073] [ControlInterface::ExecutionStats] Average Control Time: 0.006 ms (max: 0.006 ms, min: 0.006 ms, sigma: 0.000 ms, count: 1)
[08/03/26 10:22:54.817965] [debug] [00:05:07.949917] [Service] Server method called: /rb.api.ControlManagerService/ControlManagerCommand
[08/03/26 10:22:54.817988] [debug] [00:05:07.949943] [Service::ControlManagerService::ControlManagerCommand] Requested: request_header { request_timestamp { seconds: 1785720120 nanos: 97112437 } } command: COMMAND_DISABLE
[08/03/26 10:22:54.817992] [info] [00:05:07.949948] [ControlManager::Disable] Disable request received. Starting the disabling process...
[08/03/26 10:22:54.819065] [info] [00:05:07.951020] [ControlManager::Disable] Control Manager successfully disabled
[08/03/26 10:22:55.862059] [debug] [00:05:08.994002] [Hardware] Hardware Loop Stat (avg: 2.000 ms, min: 1.998 ms, max: 2.002 ms, count: 15000)
[08/03/26 10:22:55.885051] [debug] [00:05:09.017002] [ControlManager] Control Manager Loop Stat (avg: 2.000 ms, min: 1.997 ms, max: 2.003 ms, count: 15000)
[08/03/26 10:22:56.360235] [debug] [00:05:09.492183] [Service] Server method called: /rb.api.RobotInfoService/GetRobotInfo
[08/03/26 10:22:56.360267] [debug] [00:05:09.492222] [Service::RobotInfoService::GetRobotInfo] Requested: request_header { request_timestamp { seconds: 1785720121 nanos: 639370985 } }
[08/03/26 10:22:56.361018] [debug] [00:05:09.492970] [Service] Server method called: /rb.api.RobotStateService/GetRobotState
[08/03/26 10:22:56.361037] [debug] [00:05:09.492992] [Service::RobotStateService::GetRobotState] Requested: request_header { request_timestamp { seconds: 1785720121 nanos: 640260748 } }
[08/03/26 10:22:56.361499] [debug] [00:05:09.493452] [Service] Server method called: /rb.api.RobotInfoService/GetRobotInfo
[08/03/26 10:22:56.361515] [debug] [00:05:09.493470] [Service::RobotInfoService::GetRobotInfo] Requested: request_header { request_timestamp { seconds: 1785720121 nanos: 640763216 } }
[08/03/26 10:22:56.362065] [debug] [00:05:09.494016] [Service] Server method called: /rb.api.RobotStateService/GetRobotState
[08/03/26 10:22:56.362086] [debug] [00:05:09.494041] [Service::RobotStateService::GetRobotState] Requested: request_header { request_timestamp { seconds: 1785720121 nanos: 641300637 } }
[08/03/26 10:22:56.362588] [debug] [00:05:09.494541] [Service] Server method called: /rb.api.RobotStateService/GetControlManagerState
[08/03/26 10:22:56.362606] [debug] [00:05:09.494561] [Service::RobotStateService::GetControlManagerState] Requested: request_header { request_timestamp { seconds: 1785720121 nanos: 641839276 } }
[08/03/26 10:22:56.362977] [debug] [00:05:09.494929] [Service] Server method called: /rb.api.RobotInfoService/GetRobotInfo
[08/03/26 10:22:56.362994] [debug] [00:05:09.494949] [Service::RobotInfoService::GetRobotInfo] Requested: request_header { request_timestamp { seconds: 1785720121 nanos: 642242773 } }
[08/03/26 10:22:56.363561] [debug] [00:05:09.495514] [Service] Server method called: /rb.api.RobotStateService/GetRobotState
[08/03/26 10:22:56.363603] [debug] [00:05:09.495558] [Service::RobotStateService::GetRobotState] Requested: request_header { request_timestamp { seconds: 1785720121 nanos: 642803030 } }
[08/03/26 10:22:56.364199] [debug] [00:05:09.496153] [Service] Server method called: /rb.api.RobotStateService/GetRobotState
[08/03/26 10:22:56.364212] [debug] [00:05:09.496167] [Service::RobotStateService::GetRobotState] Requested: request_header { request_timestamp { seconds: 1785720121 nanos: 643475635 } }
[08/03/26 10:22:56.364594] [debug] [00:05:09.496545] [Service] Server method called: /rb.api.RobotInfoService/GetRobotInfo
[08/03/26 10:22:56.364610] [debug] [00:05:09.496566] [Service::RobotInfoService::GetRobotInfo] Requested: request_header { request_timestamp { seconds: 1785720121 nanos: 643858454 } }
[08/03/26 10:22:56.364991] [debug] [00:05:09.496944] [Service] Server method called: /rb.api.ControlManagerService/ControlManagerCommand
[08/03/26 10:22:56.365009] [debug] [00:05:09.496964] [Service::ControlManagerService::ControlManagerCommand] Requested: request_header { request_timestamp { seconds: 1785720121 nanos: 644264682 } } command: COMMAND_ENABLE unlimited_mode_enabled { }
[08/03/26 10:22:56.365013] [info] [00:05:09.496969] [ControlManager::Enable] Enable request received. Starting the enabling process...
[08/03/26 10:22:56.365061] [info] [00:05:09.497017] [ControlManager::Enable] Control Manager successfully enabled
[08/03/26 10:22:56.365286] [debug] [00:05:09.497239] [Service] Server method called: /rb.api.ParameterService/SetParameter
[08/03/26 10:22:56.365302] [debug] [00:05:09.497257] [Service::ParameterService::SetParameter] Requested: request_header { request_timestamp { seconds: 1785720121 nanos: 644549847 } } name: "cartesian_command.cutoff_frequency" parameter: "{\"value\":5,\"write_db\":true}"
[08/03/26 10:22:56.375267] [debug] [00:05:09.507219] [Service] Server method called: /rb.api.ParameterService/SetParameter
[08/03/26 10:22:56.375285] [debug] [00:05:09.507240] [Service::ParameterService::SetParameter] Requested: request_header { request_timestamp { seconds: 1785720121 nanos: 654518903 } } name: "default.acceleration_limit_scaling" parameter: "{\"value\":1.0,\"write_db\":true}"
[08/03/26 10:22:56.381196] [debug] [00:05:09.513149] [Service] Server method called: /rb.api.ParameterService/SetParameter
[08/03/26 10:22:56.381212] [debug] [00:05:09.513167] [Service::ParameterService::SetParameter] Requested: request_header { request_timestamp { seconds: 1785720121 nanos: 660461200 } } name: "default.angular_acceleration_limit" parameter: "{\"value\":10,\"write_db\":true}"
[08/03/26 10:22:56.389332] [debug] [00:05:09.521284] [Service] Server method called: /rb.api.ParameterService/SetParameter
[08/03/26 10:22:56.389349] [debug] [00:05:09.521304] [Service::ParameterService::SetParameter] Requested: request_header { request_timestamp { seconds: 1785720121 nanos: 668579653 } } name: "default.linear_acceleration_limit" parameter: "{\"value\":20,\"write_db\":true}"
[08/03/26 10:22:56.395461] [debug] [00:05:09.527412] [Service] Server method called: /rb.api.ParameterService/SetParameter
[08/03/26 10:22:56.395478] [debug] [00:05:09.527433] [Service::ParameterService::SetParameter] Requested: request_header { request_timestamp { seconds: 1785720121 nanos: 674689792 } } name: "joint_position_command.cutoff_frequency" parameter: "{\"value\":5,\"write_db\":true}"
[08/03/26 10:22:56.401448] [debug] [00:05:09.533399] [Service] Server method called: /rb.api.RobotCommandService/RobotCommand
[08/03/26 10:22:56.401515] [debug] [00:05:09.533469] [Service::RobotCommandService::RobotCommand] Requested: robot_command { component_based_command { body_command { joint_position_command { command_header { control_hold_time { seconds: 1 } } minimum_time { nanos: 500000000 } position: -0.002885706432656157 position: 1.0862254650375562 position: -1.513321408017112 position: 0.7784762649412218 position: -7.5939642964635707e-06 position: -1.1390946444695356e-05 position: -0.021612422387735322 position: -0.26185507687065684 position: 1.8984910741158927e-05... [truncated]
[08/03/26 10:22:56.401518] [debug] [00:05:09.533474] [Service::RobotCommandService::RobotCommand]   Peer: ipv4:192.168.30.230:58506
[08/03/26 10:22:56.401664] [debug] [00:05:09.533619] [Service::RobotCommandService::RobotCommand]   IP: 192.168.30.230, Family: ipv4
[08/03/26 10:22:56.407080] [info] [00:05:09.539035] [ControlManager] Control started: {"type":"RobotCommand","control":{"type":"ComponentBasedCommand","components":{"mobility":null,"body":{"type":"BodyCommand","control":{"type":"JointPositionCommand","control":{"type":"JointPositionControl"}}},"head":{"type":"HeadCommand","control":{"type":"JointPositionCommand","control":{"type":"JointPositionControl"}}}}}} (priority: 1)
[08/03/26 10:22:58.165091] [debug] [00:05:11.297039] [ControlManager] Control finished: {"type":"RobotCommand","control":{"type":"ComponentBasedCommand","components":{"mobility":null,"body":{"type":"BodyCommand","control":{"type":"JointPositionCommand","control":{"type":"JointPositionControl"}}},"head":{"type":"HeadCommand","control":{"type":"JointPositionCommand","control":{"type":"JointPositionControl"}}}}}}
[08/03/26 10:22:58.165147] [info] [00:05:11.297098] [ControlInterface] Control completed successfully.
[08/03/26 10:22:58.165155] [debug] [00:05:11.297106] [ControlInterface::ExecutionStats] Average Control Time: 0.001 ms (max: 0.023 ms, min: 0.001 ms, sigma: 0.001 ms, count: 880)
[08/03/26 10:22:58.165690] [debug] [00:05:11.297640] [Service] Server method called: /rb.api.PowerService/ToolFlangePowerCommand
[08/03/26 10:22:58.165723] [debug] [00:05:11.297677] [Service::PowerService::ToolFlangePowerCommand] Requested: request_header { request_timestamp { seconds: 1785720123 nanos: 444919860 } } name: "right" command: COMMAND_POWER_12V
[08/03/26 10:22:58.165728] [debug] [00:05:11.297684] [Service::PowerService::ToolFlangePowerCommand] Result: Success
[08/03/26 10:22:58.166160] [debug] [00:05:11.298109] [Service] Server method called: /rb.api.PowerService/ToolFlangePowerCommand
[08/03/26 10:22:58.166186] [debug] [00:05:11.298141] [Service::PowerService::ToolFlangePowerCommand] Requested: request_header { request_timestamp { seconds: 1785720123 nanos: 445442125 } } name: "left" command: COMMAND_POWER_12V
[08/03/26 10:22:58.166190] [debug] [00:05:11.298147] [Service::PowerService::ToolFlangePowerCommand] Result: Success
[08/03/26 10:22:59.321460] [debug] [00:05:12.453406] [Service] Server method called: /rb.api.RobotCommandService/RobotCommand
[08/03/26 10:22:59.321531] [debug] [00:05:12.453485] [Service::RobotCommandService::RobotCommand] Requested: robot_command { component_based_command { body_command { joint_position_command { command_header { control_hold_time { seconds: 1 } } minimum_time { seconds: 4 } position: 0 position: 0.78539816339744828 position: -1.3962634015954636 position: 0.78539816339744828 position: 0 position: 0 position: 0 position: -0.26179938779914941 position: 0 position: -2.0943951023931953 position: 0 position: 0.52359877559829882 position: 0 position: 0 position: 0... [truncated]
[08/03/26 10:22:59.321536] [debug] [00:05:12.453492] [Service::RobotCommandService::RobotCommand]   Peer: ipv4:192.168.30.230:58506
[08/03/26 10:22:59.321694] [debug] [00:05:12.453649] [Service::RobotCommandService::RobotCommand]   IP: 192.168.30.230, Family: ipv4
[08/03/26 10:22:59.327075] [info] [00:05:12.459028] [ControlManager] Control started: {"type":"RobotCommand","control":{"type":"ComponentBasedCommand","components":{"mobility":null,"body":{"type":"BodyCommand","control":{"type":"JointPositionCommand","control":{"type":"JointPositionControl"}}},"head":{"type":"HeadCommand","control":{"type":"JointPositionCommand","control":{"type":"JointPositionControl"}}}}}} (priority: 1)
[08/03/26 10:23:04.295059] [error] [00:05:17.427008] [ControlManager] Joint 0 wheel_fr 'power' is down (it was up when cm is enabled)
[08/03/26 10:23:04.295065] [error] [00:05:17.427021] [ControlManager] Joint 1 wheel_fl 'power' is down (it was up when cm is enabled)
[08/03/26 10:23:04.295066] [error] [00:05:17.427023] [ControlManager] Joint 2 wheel_rr 'power' is down (it was up when cm is enabled)
[08/03/26 10:23:04.295068] [error] [00:05:17.427024] [ControlManager] Joint 3 wheel_rl 'power' is down (it was up when cm is enabled)
[08/03/26 10:23:04.295069] [error] [00:05:17.427026] [ControlManager] Joint 4 torso_0 'power' is down (it was up when cm is enabled)
[08/03/26 10:23:04.295071] [error] [00:05:17.427028] [ControlManager] Joint 5 torso_1 'power' is down (it was up when cm is enabled)
[08/03/26 10:23:04.295072] [error] [00:05:17.427029] [ControlManager] Joint 6 torso_2 'power' is down (it was up when cm is enabled)
[08/03/26 10:23:04.295079] [error] [00:05:17.427030] [ControlManager] Joint 7 torso_3 'power' is down (it was up when cm is enabled)
[08/03/26 10:23:04.295080] [error] [00:05:17.427037] [ControlManager] Joint 8 torso_4 'power' is down (it was up when cm is enabled)
[08/03/26 10:23:04.295081] [error] [00:05:17.427038] [ControlManager] Joint 9 torso_5 'power' is down (it was up when cm is enabled)
[08/03/26 10:23:04.295083] [error] [00:05:17.427039] [ControlManager] Joint 10 right_arm_0 'power' is down (it was up when cm is enabled)
[08/03/26 10:23:04.295084] [error] [00:05:17.427041] [ControlManager] Joint 11 right_arm_1 'power' is down (it was up when cm is enabled)
[08/03/26 10:23:04.295085] [error] [00:05:17.427042] [ControlManager] Joint 12 right_arm_2 'power' is down (it was up when cm is enabled)
[08/03/26 10:23:04.295086] [error] [00:05:17.427043] [ControlManager] Joint 13 right_arm_3 'power' is down (it was up when cm is enabled)
[08/03/26 10:23:04.295087] [error] [00:05:17.427044] [ControlManager] Joint 14 right_arm_4 'power' is down (it was up when cm is enabled)
[08/03/26 10:23:04.295089] [error] [00:05:17.427045] [ControlManager] Joint 15 right_arm_5 'power' is down (it was up when cm is enabled)
[08/03/26 10:23:04.295090] [error] [00:05:17.427047] [ControlManager] Joint 16 right_arm_6 'power' is down (it was up when cm is enabl                                                                                                                                                                                                                                                                                                                                                                                                                                                                                                                                                                                                                                                                                                                                                                                                                                                                                                                                                                                                                                                                                                                                                                                                                                                                                                                                                                                                                                                                                                                                                                                                                                                                                                                                                                                                                                                                                                                                                                                                                                                                                                                                                                                                                                                                                                                                                                                                                                                                                                                                                                                                                                                                                                                                                                                                                                                                                                                                                                                                                                                                                                                                                                                                                                                                                                                                                                                                                                                                                                                                                                                                                                                                                                                                                                                                                                                                                                                                                                                                                                                                                                                                                                                                                                                                                                                                                                                                                                                                                                                                                                                                                                                                                                                                                                                                                                                                                                                                                                                                                                                                                                                                                                                                                                                                                                                                                                                                                                                                                                                                                                                                                                                                                                                                                                                                                                                                                                                                                                                                                                                                                                                                                                                                                                                                                                                                                                                                                                                                                                                                                                                                                                                                                                                                                                                                                                                                                                                               